Component: ARM Compiler 5.06 update 6 (build 750) Tool: armlink [4d35ed]

==============================================================================

Section Cross References

    startup_stm32f103xb.o(STACK) refers (Special) to heapauxi.o(.text) for __use_two_region_memory
    startup_stm32f103xb.o(HEAP) refers (Special) to heapauxi.o(.text) for __use_two_region_memory
    startup_stm32f103xb.o(RESET) refers (Special) to heapauxi.o(.text) for __use_two_region_memory
    startup_stm32f103xb.o(RESET) refers to startup_stm32f103xb.o(STACK) for __initial_sp
    startup_stm32f103xb.o(RESET) refers to startup_stm32f103xb.o(.text) for Reset_Handler
    startup_stm32f103xb.o(RESET) refers to stm32f1xx_it.o(i.NMI_Handler) for NMI_Handler
    startup_stm32f103xb.o(RESET) refers to stm32f1xx_it.o(i.HardFault_Handler) for HardFault_Handler
    startup_stm32f103xb.o(RESET) refers to stm32f1xx_it.o(i.MemManage_Handler) for MemManage_Handler
    startup_stm32f103xb.o(RESET) refers to stm32f1xx_it.o(i.BusFault_Handler) for BusFault_Handler
    startup_stm32f103xb.o(RESET) refers to stm32f1xx_it.o(i.UsageFault_Handler) for UsageFault_Handler
    startup_stm32f103xb.o(RESET) refers to port.o(.emb_text) for SVC_Handler
    startup_stm32f103xb.o(RESET) refers to stm32f1xx_it.o(i.DebugMon_Handler) for DebugMon_Handler
    startup_stm32f103xb.o(RESET) refers to port.o(i.SysTick_Handler) for SysTick_Handler
    startup_stm32f103xb.o(RESET) refers to stm32f1xx_it.o(i.EXTI3_IRQHandler) for EXTI3_IRQHandler
    startup_stm32f103xb.o(RESET) refers to stm32f1xx_it.o(i.ADC1_2_IRQHandler) for ADC1_2_IRQHandler
    startup_stm32f103xb.o(RESET) refers to stm32f1xx_it.o(i.TIM1_UP_IRQHandler) for TIM1_UP_IRQHandler
    startup_stm32f103xb.o(RESET) refers to stm32f1xx_it.o(i.TIM2_IRQHandler) for TIM2_IRQHandler
    startup_stm32f103xb.o(RESET) refers to stm32f1xx_it.o(i.I2C1_EV_IRQHandler) for I2C1_EV_IRQHandler
    startup_stm32f103xb.o(RESET) refers to stm32f1xx_it.o(i.I2C1_ER_IRQHandler) for I2C1_ER_IRQHandler
    startup_stm32f103xb.o(RESET) refers to stm32f1xx_it.o(i.USART1_IRQHandler) for USART1_IRQHandler
    startup_stm32f103xb.o(.text) refers (Special) to heapauxi.o(.text) for __use_two_region_memory
    startup_stm32f103xb.o(.text) refers to system_stm32f1xx.o(i.SystemInit) for SystemInit
    startup_stm32f103xb.o(.text) refers to __main.o(!!!main) for __main
    startup_stm32f103xb.o(.text) refers to startup_stm32f103xb.o(HEAP) for Heap_Mem
    startup_stm32f103xb.o(.text) refers to startup_stm32f103xb.o(STACK) for Stack_Mem
    delay_timer.o(i.TIM_DelayMs) refers to delay_timer.o(i.TIM_DelayUs) for TIM_DelayUs
    delay_timer.o(i.TIM_DelayUs) refers to stm32f1xx_hal_tim.o(i.HAL_TIM_Base_Start) for HAL_TIM_Base_Start
    delay_timer.o(i.TIM_DelayUs) refers to stm32f1xx_hal_tim.o(i.HAL_TIM_Base_Stop) for HAL_TIM_Base_Stop
    dht.o(i.DHT_AwaitPinState) refers to dht.o(i.DHT_SetPinIn) for DHT_SetPinIn
    dht.o(i.DHT_AwaitPinState) refers to dht.o(i.DHT_DelayUs) for DHT_DelayUs
    dht.o(i.DHT_AwaitPinState) refers to dht.o(i.DHT_ReadPin) for DHT_ReadPin
    dht.o(i.DHT_DelayMs) refers to delay_timer.o(i.TIM_DelayMs) for TIM_DelayMs
    dht.o(i.DHT_DelayUs) refers to delay_timer.o(i.TIM_DelayUs) for TIM_DelayUs
    dht.o(i.DHT_FetchData) refers to dht.o(i.DHT_SetPinOut) for DHT_SetPinOut
    dht.o(i.DHT_FetchData) refers to dht.o(i.DHT_WritePin) for DHT_WritePin
    dht.o(i.DHT_FetchData) refers to dht.o(i.DHT_DelayMs) for DHT_DelayMs
    dht.o(i.DHT_FetchData) refers to dht.o(i.DHT_AwaitPinState) for DHT_AwaitPinState
    dht.o(i.DHT_Init) refers to dht.o(i.DHT_SetPinOut) for DHT_SetPinOut
    dht.o(i.DHT_ReadPin) refers to stm32f1xx_hal_gpio.o(i.HAL_GPIO_ReadPin) for HAL_GPIO_ReadPin
    dht.o(i.DHT_ReadTempHum) refers to dht.o(i.DHT_SetPinOut) for DHT_SetPinOut
    dht.o(i.DHT_ReadTempHum) refers to dht.o(i.DHT_WritePin) for DHT_WritePin
    dht.o(i.DHT_ReadTempHum) refers to dht.o(i.DHT_FetchData) for DHT_FetchData
    dht.o(i.DHT_ReadTempHum) refers to dflt_clz.o(x$fpl$dflt) for __aeabi_i2d
    dht.o(i.DHT_ReadTempHum) refers to ddiv.o(x$fpl$ddiv) for __aeabi_ddiv
    dht.o(i.DHT_ReadTempHum) refers to dflt_clz.o(x$fpl$dfltu) for __aeabi_ui2d
    dht.o(i.DHT_ReadTempHum) refers to daddsub_clz.o(x$fpl$dadd) for __aeabi_dadd
    dht.o(i.DHT_ReadTempHum) refers to d2f.o(x$fpl$d2f) for __aeabi_d2f
    dht.o(i.DHT_SetPinIn) refers to stm32f1xx_hal_gpio.o(i.HAL_GPIO_Init) for HAL_GPIO_Init
    dht.o(i.DHT_SetPinOut) refers to stm32f1xx_hal_gpio.o(i.HAL_GPIO_WritePin) for HAL_GPIO_WritePin
    dht.o(i.DHT_SetPinOut) refers to stm32f1xx_hal_gpio.o(i.HAL_GPIO_Init) for HAL_GPIO_Init
    dht.o(i.DHT_WritePin) refers to stm32f1xx_hal_gpio.o(i.HAL_GPIO_WritePin) for HAL_GPIO_WritePin
    main.o(i.HAL_GPIO_EXTI_Callback) refers to stm32f1xx_hal.o(i.HAL_GetTick) for HAL_GetTick
    main.o(i.HAL_GPIO_EXTI_Callback) refers to cmsis_os2.o(i.osSemaphoreRelease) for osSemaphoreRelease
[...]
    DMA1_Channel3_IRQHandler                 0x0800025f   Thumb Code     0  startup_stm32f103xb.o(.text)
    DMA1_Channel4_IRQHandler                 0x0800025f   Thumb Code     0  startup_stm32f103xb.o(.text)
    DMA1_Channel5_IRQHandler                 0x0800025f   Thumb Code     0  startup_stm32f103xb.o(.text)
    DMA1_Channel6_IRQHandler                 0x0800025f   Thumb Code     0  startup_stm32f103xb.o(.text)
    DMA1_Channel7_IRQHandler                 0x0800025f   Thumb Code     0  startup_stm32f103xb.o(.text)
    EXTI0_IRQHandler                         0x0800025f   Thumb Code     0  startup_stm32f103xb.o(.text)
    EXTI15_10_IRQHandler                     0x0800025f   Thumb Code     0  startup_stm32f103xb.o(.text)
    EXTI1_IRQHandler                         0x0800025f   Thumb Code     0  startup_stm32f103xb.o(.text)
    EXTI2_IRQHandler                         0x0800025f   Thumb Code     0  startup_stm32f103xb.o(.text)
    EXTI4_IRQHandler                         0x0800025f   Thumb Code     0  startup_stm32f103xb.o(.text)
    EXTI9_5_IRQHandler                       0x0800025f   Thumb Code     0  startup_stm32f103xb.o(.text)
    FLASH_IRQHandler                         0x0800025f   Thumb Code     0  startup_stm32f103xb.o(.text)
    I2C2_ER_IRQHandler                       0x0800025f   Thumb Code     0  startup_stm32f103xb.o(.text)
    I2C2_EV_IRQHandler                       0x0800025f   Thumb Code     0  startup_stm32f103xb.o(.text)
    PVD_IRQHandler                           0x0800025f   Thumb Code     0  startup_stm32f103xb.o(.text)
    RCC_IRQHandler                           0x0800025f   Thumb Code     0  startup_stm32f103xb.o(.text)
    RTC_Alarm_IRQHandler                     0x0800025f   Thumb Code     0  startup_stm32f103xb.o(.text)
    RTC_IRQHandler                           0x0800025f   Thumb Code     0  startup_stm32f103xb.o(.text)
    SPI1_IRQHandler                          0x0800025f   Thumb Code     0  startup_stm32f103xb.o(.text)
    SPI2_IRQHandler                          0x0800025f   Thumb Code     0  startup_stm32f103xb.o(.text)
    TAMPER_IRQHandler                        0x0800025f   Thumb Code     0  startup_stm32f103xb.o(.text)
    TIM1_BRK_IRQHandler                      0x0800025f   Thumb Code     0  startup_stm32f103xb.o(.text)
    TIM1_CC_IRQHandler                       0x0800025f   Thumb Code     0  startup_stm32f103xb.o(.text)
    TIM1_TRG_COM_IRQHandler                  0x0800025f   Thumb Code     0  startup_stm32f103xb.o(.text)
    TIM3_IRQHandler                          0x0800025f   Thumb Code     0  startup_stm32f103xb.o(.text)
    TIM4_IRQHandler                          0x0800025f   Thumb Code     0  startup_stm32f103xb.o(.text)
    USART2_IRQHandler                        0x0800025f   Thumb Code     0  startup_stm32f103xb.o(.text)
    USART3_IRQHandler                        0x0800025f   Thumb Code     0  startup_stm32f103xb.o(.text)
    USBWakeUp_IRQHandler                     0x0800025f   Thumb Code     0  startup_stm32f103xb.o(.text)
    USB_HP_CAN1_TX_IRQHandler                0x0800025f   Thumb Code     0  startup_stm32f103xb.o(.text)
    USB_LP_CAN1_RX0_IRQHandler               0x0800025f   Thumb Code     0  startup_stm32f103xb.o(.text)
    WWDG_IRQHandler                          0x0800025f   Thumb Code     0  startup_stm32f103xb.o(.text)
    __user_initial_stackheap                 0x08000261   Thumb Code     0  startup_stm32f103xb.o(.text)
    __2sprintf                               0x08000285   Thumb Code    38  __2sprintf.o(.text)
    _printf_pre_padding                      0x080002b1   Thumb Code    44  _printf_pad.o(.text)
    _printf_post_padding                     0x080002dd   Thumb Code    34  _printf_pad.o(.text)
    _printf_str                              0x080002ff   Thumb Code    82  _printf_str.o(.text)
    _printf_int_dec                          0x08000351   Thumb Code   104  _printf_dec.o(.text)
    __printf                                 0x080003c9   Thumb Code   352  __printf_ss_wp.o(.text)
    strstr                                   0x08000529   Thumb Code    36  strstr.o(.text)
    strcpy                                   0x0800054d   Thumb Code    72  strcpy.o(.text)
    __aeabi_memcpy                           0x08000595   Thumb Code     0  rt_memcpy_v6.o(.text)
    __rt_memcpy                              0x08000595   Thumb Code   138  rt_memcpy_v6.o(.text)
    _memcpy_lastbytes                        0x080005fb   Thumb Code     0  rt_memcpy_v6.o(.text)
    __aeabi_memset                           0x0800061f   Thumb Code    16  aeabi_memset.o(.text)
    __aeabi_memclr4                          0x0800062f   Thumb Code     0  rt_memclr_w.o(.text)
    __aeabi_memclr8                          0x0800062f   Thumb Code     0  rt_memclr_w.o(.text)
    __rt_memclr_w                            0x0800062f   Thumb Code    78  rt_memclr_w.o(.text)
    _memset_w                                0x08000633   Thumb Code     0  rt_memclr_w.o(.text)
    __use_two_region_memory                  0x0800067d   Thumb Code     2  heapauxi.o(.text)
    __rt_heap_escrow$2region                 0x0800067f   Thumb Code     2  heapauxi.o(.text)
    __rt_heap_expand$2region                 0x08000681   Thumb Code     2  heapauxi.o(.text)
    _printf_int_common                       0x08000683   Thumb Code   178  _printf_intcommon.o(.text)
    __lib_sel_fp_printf                      0x08000735   Thumb Code     2  _printf_fp_dec.o(.text)
    _printf_fp_dec_real                      0x080008e7   Thumb Code   620  _printf_fp_dec.o(.text)
    _printf_char_common                      0x08000b5f   Thumb Code    32  _printf_char_common.o(.text)
    _sputc                                   0x08000b85   Thumb Code    10  _sputc.o(.text)
    _printf_cs_common                        0x08000b8f   Thumb Code    20  _printf_char.o(.text)
    _printf_char                             0x08000ba3   Thumb Code    16  _printf_char.o(.text)
    _printf_string                           0x08000bb3   Thumb Code     8  _printf_char.o(.text)
    __aeabi_memcpy4                          0x08000bbb   Thumb Code     0  rt_memcpy_w.o(.text)
    __aeabi_memcpy8                          0x08000bbb   Thumb Code     0  rt_memcpy_w.o(.text)
    __rt_memcpy_w                            0x08000bbb   Thumb Code   100  rt_memcpy_w.o(.text)
    _memcpy_lastbytes_aligned                0x08000c03   Thumb Code     0  rt_memcpy_w.o(.text)
    __aeabi_memclr                           0x08000c1f   Thumb Code     0  rt_memclr.o(.text)
    __rt_memclr                              0x08000c1f   Thumb Code    68  rt_memclr.o(.text)
    _memset                                  0x08000c23   Thumb Code     0  rt_memclr.o(.text)
    __rt_locale                              0x08000c65   Thumb Code     8  rt_locale_intlibspace.o(.text)
    _ll_udiv10                               0x08000c6d   Thumb Code   138  lludiv10.o(.text)
    _printf_fp_infnan                        0x08000cf9   Thumb Code   112  _printf_fp_infnan.o(.text)
    _btod_etento                             0x08000d79   Thumb Code   224  bigflt0.o(.text)
    __user_libspace                          0x08000e5d   Thumb Code     8  libspace.o(.text)
    __user_perproc_libspace                  0x08000e5d   Thumb Code     0  libspace.o(.text)
    __user_perthread_libspace                0x08000e5d   Thumb Code     0  libspace.o(.text)
    __user_setup_stackheap                   0x08000e65   Thumb Code    74  sys_stackheap_outer.o(.text)
    exit                                     0x08000eaf   Thumb Code    18  exit.o(.text)
    strcmp                                   0x08000ec1   Thumb Code   128  strcmpv7m.o(.text)
    _sys_exit                                0x08000f41   Thumb Code     8  sys_exit.o(.text)
    __I$use$semihosting                      0x08000f4d   Thumb Code     0  use_no_semi.o(.text)
    __use_no_semihosting_swi                 0x08000f4d   Thumb Code     2  use_no_semi.o(.text)
    __semihosting_library_function           0x08000f4f   Thumb Code     0  indicate_semi.o(.text)
    _btod_d2e                                0x08000f4f   Thumb Code    62  btod.o(CL$$btod_d2e)
    _d2e_denorm_low                          0x08000f8d   Thumb Code    70  btod.o(CL$$btod_d2e_denorm_low)
    _d2e_norm_op1                            0x08000fd3   Thumb Code    96  btod.o(CL$$btod_d2e_norm_op1)
    __btod_div_common                        0x08001033   Thumb Code   696  btod.o(CL$$btod_div_common)
    _e2e                                     0x0800136b   Thumb Code   220  btod.o(CL$$btod_e2e)
    _btod_ediv                               0x08001447   Thumb Code    42  btod.o(CL$$btod_ediv)
    _btod_emul                               0x08001471   Thumb Code    42  btod.o(CL$$btod_emul)
    __btod_mult_common                       0x0800149b   Thumb Code   580  btod.o(CL$$btod_mult_common)
    ADC1_2_IRQHandler                        0x080016e1   Thumb Code    10  stm32f1xx_it.o(i.ADC1_2_IRQHandler)
    ADC_ConversionStop_Disable               0x080016f1   Thumb Code    92  stm32f1xx_hal_adc.o(i.ADC_ConversionStop_Disable)
    ADC_Enable                               0x0800174d   Thumb Code   134  stm32f1xx_hal_adc.o(i.ADC_Enable)
    BusFault_Handler                         0x080017dd   Thumb Code     4  stm32f1xx_it.o(i.BusFault_Handler)
    DHT_Init                                 0x08001923   Thumb Code    32  dht.o(i.DHT_Init)
    DHT_ReadTempHum                          0x08001955   Thumb Code   258  dht.o(i.DHT_ReadTempHum)
    DebugMon_Handler                         0x08001b37   Thumb Code     2  stm32f1xx_it.o(i.DebugMon_Handler)
    EXTI3_IRQHandler                         0x08001b39   Thumb Code    10  stm32f1xx_it.o(i.EXTI3_IRQHandler)
    Error_Handler                            0x08001b43   Thumb Code     6  main.o(i.Error_Handler)
    GetValue                                 0x08001b49   Thumb Code    72  main.o(i.GetValue)
    HAL_ADCEx_Calibration_Start              0x08001b91   Thumb Code   276  stm32f1xx_hal_adc_ex.o(i.HAL_ADCEx_Calibration_Start)
    HAL_ADCEx_InjectedConvCpltCallback       0x08001ca9   Thumb Code     2  stm32f1xx_hal_adc_ex.o(i.HAL_ADCEx_InjectedConvCpltCallback)
    HAL_ADC_ConfigChannel                    0x08001cad   Thumb Code   338  stm32f1xx_hal_adc.o(i.HAL_ADC_ConfigChannel)
    HAL_ADC_ConvCpltCallback                 0x08001e0d   Thumb Code     2  stm32f1xx_hal_adc.o(i.HAL_ADC_ConvCpltCallback)
    HAL_ADC_GetValue                         0x08001e0f   Thumb Code     8  stm32f1xx_hal_adc.o(i.HAL_ADC_GetValue)
    HAL_ADC_IRQHandler                       0x08001e17   Thumb Code   290  stm32f1xx_hal_adc.o(i.HAL_ADC_IRQHandler)
    HAL_ADC_Init                             0x08001f39   Thumb Code   314  stm32f1xx_hal_adc.o(i.HAL_ADC_Init)
    HAL_ADC_LevelOutOfWindowCallback         0x0800207d   Thumb Code     2  stm32f1xx_hal_adc.o(i.HAL_ADC_LevelOutOfWindowCallback)
    HAL_ADC_MspInit                          0x08002081   Thumb Code   114  stm32f1xx_hal_msp.o(i.HAL_ADC_MspInit)
    HAL_ADC_PollForConversion                0x08002101   Thumb Code   366  stm32f1xx_hal_adc.o(i.HAL_ADC_PollForConversion)
    HAL_ADC_Start                            0x08002281   Thumb Code   294  stm32f1xx_hal_adc.o(i.HAL_ADC_Start)
    HAL_ADC_Stop                             0x080023b1   Thumb Code    64  stm32f1xx_hal_adc.o(i.HAL_ADC_Stop)
    HAL_DMA_Abort                            0x080023f1   Thumb Code    86  stm32f1xx_hal_dma.o(i.HAL_DMA_Abort)
    HAL_DMA_Abort_IT                         0x08002449   Thumb Code   172  stm32f1xx_hal_dma.o(i.HAL_DMA_Abort_IT)
    HAL_DMA_GetState                         0x080024f9   Thumb Code     8  stm32f1xx_hal_dma.o(i.HAL_DMA_GetState)
    HAL_Delay                                0x08002501   Thumb Code    36  stm32f1xx_hal.o(i.HAL_Delay)
    HAL_GPIO_EXTI_Callback                   0x08002529   Thumb Code    38  main.o(i.HAL_GPIO_EXTI_Callback)
    HAL_GPIO_EXTI_IRQHandler                 0x08002559   Thumb Code    24  stm32f1xx_hal_gpio.o(i.HAL_GPIO_EXTI_IRQHandler)
    HAL_GPIO_Init                            0x08002575   Thumb Code   766  stm32f1xx_hal_gpio.o(i.HAL_GPIO_Init)
    HAL_GPIO_ReadPin                         0x08002895   Thumb Code    16  stm32f1xx_hal_gpio.o(i.HAL_GPIO_ReadPin)
    HAL_GPIO_WritePin                        0x080028a5   Thumb Code    12  stm32f1xx_hal_gpio.o(i.HAL_GPIO_WritePin)
    HAL_GetTick                              0x080028b1   Thumb Code     6  stm32f1xx_hal.o(i.HAL_GetTick)
    HAL_I2C_AbortCpltCallback                0x080028bd   Thumb Code     2  stm32f1xx_hal_i2c.o(i.HAL_I2C_AbortCpltCallback)
    HAL_I2C_AddrCallback                     0x080028bf   Thumb Code     2  stm32f1xx_hal_i2c.o(i.HAL_I2C_AddrCallback)
    HAL_I2C_ER_IRQHandler                    0x080028c1   Thumb Code   224  stm32f1xx_hal_i2c.o(i.HAL_I2C_ER_IRQHandler)
    HAL_I2C_EV_IRQHandler                    0x080029a1   Thumb Code   474  stm32f1xx_hal_i2c.o(i.HAL_I2C_EV_IRQHandler)
    HAL_I2C_ErrorCallback                    0x08002b7b   Thumb Code     2  stm32f1xx_hal_i2c.o(i.HAL_I2C_ErrorCallback)
    HAL_I2C_Init                             0x08002b7d   Thumb Code   446  stm32f1xx_hal_i2c.o(i.HAL_I2C_Init)
    HAL_I2C_ListenCpltCallback               0x08002d4d   Thumb Code     2  stm32f1xx_hal_i2c.o(i.HAL_I2C_ListenCpltCallback)
    HAL_I2C_MasterRxCpltCallback             0x08002d4f   Thumb Code     2  stm32f1xx_hal_i2c.o(i.HAL_I2C_MasterRxCpltCallback)
    HAL_I2C_MasterTxCpltCallback             0x08002d51   Thumb Code     2  stm32f1xx_hal_i2c.o(i.HAL_I2C_MasterTxCpltCallback)
    HAL_I2C_Master_Transmit                  0x08002d55   Thumb Code   360  stm32f1xx_hal_i2c.o(i.HAL_I2C_Master_Transmit)
    HAL_I2C_MemRxCpltCallback                0x08002ec5   Thumb Code     2  stm32f1xx_hal_i2c.o(i.HAL_I2C_MemRxCpltCallback)
    HAL_I2C_MemTxCpltCallback                0x08002ec7   Thumb Code     2  stm32f1xx_hal_i2c.o(i.HAL_I2C_MemTxCpltCallback)
    HAL_I2C_MspInit                          0x08002ec9   Thumb Code   136  stm32f1xx_hal_msp.o(i.HAL_I2C_MspInit)
    HAL_I2C_SlaveRxCpltCallback              0x08002f5d   Thumb Code     2  stm32f1xx_hal_i2c.o(i.HAL_I2C_SlaveRxCpltCallback)
    HAL_I2C_SlaveTxCpltCallback              0x08002f5f   Thumb Code     2  stm32f1xx_hal_i2c.o(i.HAL_I2C_SlaveTxCpltCallback)
    HAL_IncTick                              0x08002f61   Thumb Code    16  stm32f1xx_hal.o(i.HAL_IncTick)
    HAL_Init                                 0x08002f79   Thumb Code    34  stm32f1xx_hal.o(i.HAL_Init)
    HAL_InitTick                             0x08002fa1   Thumb Code   138  stm32f1xx_hal_timebase_tim.o(i.HAL_InitTick)
    HAL_MspInit                              0x08003041   Thumb Code    68  stm32f1xx_hal_msp.o(i.HAL_MspInit)
    HAL_NVIC_EnableIRQ                       0x08003089   Thumb Code    32  stm32f1xx_hal_cortex.o(i.HAL_NVIC_EnableIRQ)
    HAL_NVIC_SetPriority                     0x080030a9   Thumb Code   124  stm32f1xx_hal_cortex.o(i.HAL_NVIC_SetPriority)
    HAL_NVIC_SetPriorityGrouping             0x08003125   Thumb Code    32  stm32f1xx_hal_cortex.o(i.HAL_NVIC_SetPriorityGrouping)
    HAL_RCCEx_GetPeriphCLKFreq               0x0800314d   Thumb Code   248  stm32f1xx_hal_rcc_ex.o(i.HAL_RCCEx_GetPeriphCLKFreq)
    HAL_RCCEx_PeriphCLKConfig                0x08003265   Thumb Code   290  stm32f1xx_hal_rcc_ex.o(i.HAL_RCCEx_PeriphCLKConfig)
    HAL_RCC_ClockConfig                      0x08003395   Thumb Code   376  stm32f1xx_hal_rcc.o(i.HAL_RCC_ClockConfig)
    HAL_RCC_GetClockConfig                   0x08003521   Thumb Code    58  stm32f1xx_hal_rcc.o(i.HAL_RCC_GetClockConfig)
    HAL_RCC_GetHCLKFreq                      0x08003565   Thumb Code     6  stm32f1xx_hal_rcc.o(i.HAL_RCC_GetHCLKFreq)
    HAL_RCC_GetPCLK1Freq                     0x08003571   Thumb Code    22  stm32f1xx_hal_rcc.o(i.HAL_RCC_GetPCLK1Freq)
    HAL_RCC_GetPCLK2Freq                     0x08003591   Thumb Code    22  stm32f1xx_hal_rcc.o(i.HAL_RCC_GetPCLK2Freq)
    HAL_RCC_GetSysClockFreq                  0x080035b1   Thumb Code   116  stm32f1xx_hal_rcc.o(i.HAL_RCC_GetSysClockFreq)
    HAL_RCC_OscConfig                        0x08003645   Thumb Code  1114  stm32f1xx_hal_rcc.o(i.HAL_RCC_OscConfig)
    HAL_TIMEx_BreakCallback                  0x08003aa9   Thumb Code     2  stm32f1xx_hal_tim_ex.o(i.HAL_TIMEx_BreakCallback)
    HAL_TIMEx_CommutCallback                 0x08003aab   Thumb Code     2  stm32f1xx_hal_tim_ex.o(i.HAL_TIMEx_CommutCallback)
    HAL_TIMEx_MasterConfigSynchronization    0x08003aad   Thumb Code   118  stm32f1xx_hal_tim_ex.o(i.HAL_TIMEx_MasterConfigSynchronization)
    HAL_TIM_Base_Init                        0x08003b31   Thumb Code   102  stm32f1xx_hal_tim.o(i.HAL_TIM_Base_Init)
    HAL_TIM_Base_MspInit                     0x08003b99   Thumb Code    58  stm32f1xx_hal_msp.o(i.HAL_TIM_Base_MspInit)
    HAL_TIM_Base_Start                       0x08003bd9   Thumb Code    94  stm32f1xx_hal_tim.o(i.HAL_TIM_Base_Start)
    HAL_TIM_Base_Start_IT                    0x08003c45   Thumb Code   106  stm32f1xx_hal_tim.o(i.HAL_TIM_Base_Start_IT)
    HAL_TIM_Base_Stop                        0x08003cbd   Thumb Code    50  stm32f1xx_hal_tim.o(i.HAL_TIM_Base_Stop)
    HAL_TIM_ConfigClockSource                0x08003cef   Thumb Code   264  stm32f1xx_hal_tim.o(i.HAL_TIM_ConfigClockSource)
    HAL_TIM_IC_CaptureCallback               0x08003df7   Thumb Code     2  stm32f1xx_hal_tim.o(i.HAL_TIM_IC_CaptureCallback)
    HAL_TIM_IRQHandler                       0x08003df9   Thumb Code   406  stm32f1xx_hal_tim.o(i.HAL_TIM_IRQHandler)
    HAL_TIM_OC_DelayElapsedCallback          0x08003f8f   Thumb Code     2  stm32f1xx_hal_tim.o(i.HAL_TIM_OC_DelayElapsedCallback)
    HAL_TIM_PWM_PulseFinishedCallback        0x08003f91   Thumb Code     2  stm32f1xx_hal_tim.o(i.HAL_TIM_PWM_PulseFinishedCallback)
    HAL_TIM_PeriodElapsedCallback            0x08003f95   Thumb Code    18  main.o(i.HAL_TIM_PeriodElapsedCallback)
    HAL_TIM_TriggerCallback                  0x08003fad   Thumb Code     2  stm32f1xx_hal_tim.o(i.HAL_TIM_TriggerCallback)
    HAL_UARTEx_RxEventCallback               0x08003faf   Thumb Code     2  stm32f1xx_hal_uart.o(i.HAL_UARTEx_RxEventCallback)
    HAL_UART_ErrorCallback                   0x08003fb1   Thumb Code     2  stm32f1xx_hal_uart.o(i.HAL_UART_ErrorCallback)
    HAL_UART_IRQHandler                      0x08003fb5   Thumb Code   582  stm32f1xx_hal_uart.o(i.HAL_UART_IRQHandler)
    HAL_UART_Init                            0x08004201   Thumb Code   114  stm32f1xx_hal_uart.o(i.HAL_UART_Init)
    HAL_UART_MspInit                         0x08004275   Thumb Code   138  stm32f1xx_hal_msp.o(i.HAL_UART_MspInit)
    HAL_UART_Receive_IT                      0x0800430d   Thumb Code    66  stm32f1xx_hal_uart.o(i.HAL_UART_Receive_IT)
    HAL_UART_RxCpltCallback                  0x08004351   Thumb Code    66  main.o(i.HAL_UART_RxCpltCallback)
    HAL_UART_Transmit                        0x080043a9   Thumb Code   210  stm32f1xx_hal_uart.o(i.HAL_UART_Transmit)
    HAL_UART_TxCpltCallback                  0x0800447b   Thumb Code     2  stm32f1xx_hal_uart.o(i.HAL_UART_TxCpltCallback)
    HardFault_Handler                        0x0800447d   Thumb Code     4  stm32f1xx_it.o(i.HardFault_Handler)
    I2C1_ER_IRQHandler                       0x08004481   Thumb Code    10  stm32f1xx_it.o(i.I2C1_ER_IRQHandler)
    I2C1_EV_IRQHandler                       0x08004491   Thumb Code    10  stm32f1xx_it.o(i.I2C1_EV_IRQHandler)
    MemManage_Handler                        0x080057ad   Thumb Code     4  stm32f1xx_it.o(i.MemManage_Handler)
    NMI_Handler                              0x080057b1   Thumb Code     4  stm32f1xx_it.o(i.NMI_Handler)
    StartTask01                              0x080057dd   Thumb Code    16  main.o(i.StartTask01)
    StartTask02                              0x080057ed   Thumb Code    16  main.o(i.StartTask02)
    StartTask03                              0x080057fd   Thumb Code    16  main.o(i.StartTask03)
    StartTask04                              0x0800580d   Thumb Code   162  main.o(i.StartTask04)
    StartTask05                              0x08005925   Thumb Code   142  main.o(i.StartTask05)
    StartTask06                              0x08005a29   Thumb Code   142  main.o(i.StartTask06)
    StartTask07                              0x08005b2d   Thumb Code   346  main.o(i.StartTask07)
    StartTask08                              0x08005ced   Thumb Code    58  main.o(i.StartTask08)
    SysTick_Handler                          0x08005d31   Thumb Code    46  port.o(i.SysTick_Handler)
    SystemClock_Config                       0x08005d65   Thumb Code   132  main.o(i.SystemClock_Config)
    SystemInit                               0x08005de9   Thumb Code     2  system_stm32f1xx.o(i.SystemInit)
    TIM1_UP_IRQHandler                       0x08005ded   Thumb Code    10  stm32f1xx_it.o(i.TIM1_UP_IRQHandler)
    TIM2_IRQHandler                          0x08005dfd   Thumb Code    10  stm32f1xx_it.o(i.TIM2_IRQHandler)
    TIM_Base_SetConfig                       0x08005e0d   Thumb Code   104  stm32f1xx_hal_tim.o(i.TIM_Base_SetConfig)
    TIM_DelayMs                              0x08005e81   Thumb Code    30  delay_timer.o(i.TIM_DelayMs)
    TIM_DelayUs                              0x08005e9f   Thumb Code    36  delay_timer.o(i.TIM_DelayUs)
    TIM_ETR_SetConfig                        0x08005ec3   Thumb Code    22  stm32f1xx_hal_tim.o(i.TIM_ETR_SetConfig)
    Task1                                    0x08005f39   Thumb Code    30  main.o(i.Task1)
    Task2                                    0x08005f65   Thumb Code    42  main.o(i.Task2)
    Task3                                    0x08005f99   Thumb Code    70  main.o(i.Task3)
    UART_Start_Receive_IT                    0x0800625d   Thumb Code    70  stm32f1xx_hal_uart.o(i.UART_Start_Receive_IT)
    USART1_IRQHandler                        0x08006371   Thumb Code    10  stm32f1xx_it.o(i.USART1_IRQHandler)
    UsageFault_Handler                       0x08006381   Thumb Code     4  stm32f1xx_it.o(i.UsageFault_Handler)
    __ARM_fpclassify                         0x08006385   Thumb Code    40  fpclassify.o(i.__ARM_fpclassify)
    _is_digit                                0x080063f7   Thumb Code    14  __printf_wp.o(i._is_digit)
    lcd_init                                 0x08006405   Thumb Code   118  i2c-lcd.o(i.lcd_init)
    lcd_put_cur                              0x0800647b   Thumb Code    36  i2c-lcd.o(i.lcd_put_cur)
    lcd_send_cmd                             0x080064a1   Thumb Code    64  i2c-lcd.o(i.lcd_send_cmd)
    lcd_send_data                            0x080064e5   Thumb Code    64  i2c-lcd.o(i.lcd_send_data)
    lcd_send_string                          0x08006529   Thumb Code    22  i2c-lcd.o(i.lcd_send_string)
    main                                     0x08006541   Thumb Code   250  main.o(i.main)
    osDelay                                  0x080066d9   Thumb Code    50  cmsis_os2.o(i.osDelay)
    osKernelInitialize                       0x08006711   Thumb Code    58  cmsis_os2.o(i.osKernelInitialize)
    osKernelStart                            0x08006751   Thumb Code    64  cmsis_os2.o(i.osKernelStart)
    osMessageQueueNew                        0x08006795   Thumb Code   180  cmsis_os2.o(i.osMessageQueueNew)
    osSemaphoreAcquire                       0x0800684d   Thumb Code   124  cmsis_os2.o(i.osSemaphoreAcquire)
    osSemaphoreNew                           0x080068d1   Thumb Code   230  cmsis_os2.o(i.osSemaphoreNew)
    osSemaphoreRelease                       0x080069bd   Thumb Code   108  cmsis_os2.o(i.osSemaphoreRelease)
    osThreadNew                              0x08006a31   Thumb Code   216  cmsis_os2.o(i.osThreadNew)
    osThreadResume                           0x08006b0d   Thumb Code    58  cmsis_os2.o(i.osThreadResume)
    osThreadSuspend                          0x08006b4d   Thumb Code    58  cmsis_os2.o(i.osThreadSuspend)
    pvPortMalloc                             0x080075c5   Thumb Code   296  heap_4.o(i.pvPortMalloc)
    pvTaskIncrementMutexHeldCount            0x08007701   Thumb Code    26  tasks.o(i.pvTaskIncrementMutexHeldCount)
    pxPortInitialiseStack                    0x08007721   Thumb Code    30  port.o(i.pxPortInitialiseStack)
    uxListRemove                             0x08007745   Thumb Code    40  list.o(i.uxListRemove)
    vApplicationGetIdleTaskMemory            0x0800776d   Thumb Code    14  cmsis_os2.o(i.vApplicationGetIdleTaskMemory)
    vApplicationGetTimerTaskMemory           0x08007785   Thumb Code    16  cmsis_os2.o(i.vApplicationGetTimerTaskMemory)
    vListInitialise                          0x0800779d   Thumb Code    26  list.o(i.vListInitialise)
    vListInitialiseItem                      0x080077b7   Thumb Code     6  list.o(i.vListInitialiseItem)
    vListInsert                              0x080077bd   Thumb Code    52  list.o(i.vListInsert)
    vListInsertEnd                           0x080077f1   Thumb Code    24  list.o(i.vListInsertEnd)
    vPortEnterCritical                       0x08007809   Thumb Code    76  port.o(i.vPortEnterCritical)
    vPortExitCritical                        0x0800785d   Thumb Code    56  port.o(i.vPortExitCritical)
    vPortFree                                0x08007899   Thumb Code   140  heap_4.o(i.vPortFree)
    vPortSetupTimerInterrupt                 0x0800792d   Thumb Code    36  port.o(i.vPortSetupTimerInterrupt)
    vPortValidateInterruptPriority           0x08007955   Thumb Code   106  port.o(i.vPortValidateInterruptPriority)
    vQueueAddToRegistry                      0x080079cd   Thumb Code    38  queue.o(i.vQueueAddToRegistry)
    vQueueDelete                             0x080079f9   Thumb Code    50  queue.o(i.vQueueDelete)
    vQueueUnregisterQueue                    0x08007a2d   Thumb Code    44  queue.o(i.vQueueUnregisterQueue)
    vQueueWaitForMessageRestricted           0x08007a5d   Thumb Code    74  queue.o(i.vQueueWaitForMessageRestricted)
    vTaskDelay                               0x08007aa9   Thumb Code    82  tasks.o(i.vTaskDelay)
    vTaskInternalSetTimeOutState             0x08007b05   Thumb Code    14  tasks.o(i.vTaskInternalSetTimeOutState)
    vTaskMissedYield                         0x08007b1d   Thumb Code     8  tasks.o(i.vTaskMissedYield)
    vTaskPlaceOnEventList                    0x08007b29   Thumb Code    52  tasks.o(i.vTaskPlaceOnEventList)
    vTaskPlaceOnEventListRestricted          0x08007b61   Thumb Code    60  tasks.o(i.vTaskPlaceOnEventListRestricted)
    vTaskPriorityDisinheritAfterTimeout      0x08007ba1   Thumb Code   194  tasks.o(i.vTaskPriorityDisinheritAfterTimeout)
    vTaskResume                              0x08007c71   Thumb Code   126  tasks.o(i.vTaskResume)
    vTaskStartScheduler                      0x08007d01   Thumb Code   156  tasks.o(i.vTaskStartScheduler)
    vTaskSuspend                             0x08007db9   Thumb Code   176  tasks.o(i.vTaskSuspend)
    vTaskSuspendAll                          0x08007e81   Thumb Code    12  tasks.o(i.vTaskSuspendAll)
    vTaskSwitchContext                       0x08007e91   Thumb Code   122  tasks.o(i.vTaskSwitchContext)
    xPortStartScheduler                      0x08007f21   Thumb Code   228  port.o(i.xPortStartScheduler)
    xQueueCreateCountingSemaphore            0x08008019   Thumb Code    92  queue.o(i.xQueueCreateCountingSemaphore)
    xQueueCreateCountingSemaphoreStatic      0x08008075   Thumb Code   100  queue.o(i.xQueueCreateCountingSemaphoreStatic)
    xQueueGenericCreate                      0x080080d9   Thumb Code    94  queue.o(i.xQueueGenericCreate)
    xQueueGenericCreateStatic                0x08008137   Thumb Code   222  queue.o(i.xQueueGenericCreateStatic)
    xQueueGenericReset                       0x08008215   Thumb Code   146  queue.o(i.xQueueGenericReset)
    xQueueGenericSend                        0x080082ad   Thumb Code   420  queue.o(i.xQueueGenericSend)
    xQueueGenericSendFromISR                 0x08008455   Thumb Code   248  queue.o(i.xQueueGenericSendFromISR)
    xQueueGiveFromISR                        0x0800854d   Thumb Code   224  queue.o(i.xQueueGiveFromISR)
    xQueueReceive                            0x0800862d   Thumb Code   356  queue.o(i.xQueueReceive)
    xQueueReceiveFromISR                     0x08008795   Thumb Code   202  queue.o(i.xQueueReceiveFromISR)
    xQueueSemaphoreTake                      0x08008861   Thumb Code   434  queue.o(i.xQueueSemaphoreTake)
    xTaskCheckForTimeOut                     0x08008a19   Thumb Code   132  tasks.o(i.xTaskCheckForTimeOut)
    xTaskCreate                              0x08008aa5   Thumb Code   100  tasks.o(i.xTaskCreate)
    xTaskCreateStatic                        0x08008b09   Thumb Code   184  tasks.o(i.xTaskCreateStatic)
    xTaskGetSchedulerState                   0x08008bc1   Thumb Code    24  tasks.o(i.xTaskGetSchedulerState)
    xTaskGetTickCount                        0x08008be1   Thumb Code     6  tasks.o(i.xTaskGetTickCount)
    xTaskIncrementTick                       0x08008bed   Thumb Code   280  tasks.o(i.xTaskIncrementTick)
    xTaskPriorityDisinherit                  0x08008d31   Thumb Code   152  tasks.o(i.xTaskPriorityDisinherit)
    xTaskPriorityInherit                     0x08008dd5   Thumb Code   150  tasks.o(i.xTaskPriorityInherit)
    xTaskRemoveFromEventList                 0x08008e79   Thumb Code   126  tasks.o(i.xTaskRemoveFromEventList)
    xTaskResumeAll                           0x08008f11   Thumb Code   222  tasks.o(i.xTaskResumeAll)
    xTimerCreateTimerTask                    0x08009015   Thumb Code   100  timers.o(i.xTimerCreateTimerTask)
    xTimerGenericCommand                     0x0800908d   Thumb Code   128  timers.o(i.xTimerGenericCommand)
    _get_lc_numeric                          0x08009111   Thumb Code    44  lc_numeric_c.o(locale$$code)
    __aeabi_d2f                              0x0800913d   Thumb Code     0  d2f.o(x$fpl$d2f)
    _d2f                                     0x0800913d   Thumb Code    98  d2f.o(x$fpl$d2f)
    __aeabi_dadd                             0x080091a1   Thumb Code     0  daddsub_clz.o(x$fpl$dadd)
    _dadd                                    0x080091a1   Thumb Code   332  daddsub_clz.o(x$fpl$dadd)
    __aeabi_ddiv                             0x080092f1   Thumb Code     0  ddiv.o(x$fpl$ddiv)
    _ddiv                                    0x080092f1   Thumb Code   552  ddiv.o(x$fpl$ddiv)
    __aeabi_i2d                              0x080095a1   Thumb Code     0  dflt_clz.o(x$fpl$dflt)
    _dflt                                    0x080095a1   Thumb Code    46  dflt_clz.o(x$fpl$dflt)
    __aeabi_ui2d                             0x080095cf   Thumb Code     0  dflt_clz.o(x$fpl$dfltu)
    _dfltu                                   0x080095cf   Thumb Code    38  dflt_clz.o(x$fpl$dfltu)
    __fpl_dnaninf                            0x080095f5   Thumb Code   156  dnaninf.o(x$fpl$dnaninf)
    __fpl_dretinf                            0x08009691   Thumb Code    12  dretinf.o(x$fpl$dretinf)
    __aeabi_dsub                             0x0800969d   Thumb Code     0  daddsub_clz.o(x$fpl$dsub)
    _dsub                                    0x0800969d   Thumb Code   464  daddsub_clz.o(x$fpl$dsub)
    __aeabi_f2d                              0x08009871   Thumb Code     0  f2d.o(x$fpl$f2d)
    _f2d                                     0x08009871   Thumb Code    86  f2d.o(x$fpl$f2d)
    __fpl_fcmp_Inf                           0x080098c7   Thumb Code    24  fcmpi.o(x$fpl$fcmpinf)
    __aeabi_f2uiz                            0x080098e1   Thumb Code     0  ffixu.o(x$fpl$ffixu)
    _ffixu                                   0x080098e1   Thumb Code    62  ffixu.o(x$fpl$ffixu)
    __aeabi_ui2f                             0x08009921   Thumb Code     0  fflt_clz.o(x$fpl$ffltu)
    _ffltu                                   0x08009921   Thumb Code    38  fflt_clz.o(x$fpl$ffltu)
    __aeabi_cfcmple                          0x08009949   Thumb Code     0  fleqf.o(x$fpl$fleqf)
    _fcmple                                  0x08009949   Thumb Code   104  fleqf.o(x$fpl$fleqf)
    __fpl_fcmple_InfNaN                      0x0800999b   Thumb Code     0  fleqf.o(x$fpl$fleqf)
    __fpl_fnaninf                            0x080099b1   Thumb Code   140  fnaninf.o(x$fpl$fnaninf)
    __fpl_fretinf                            0x08009a3d   Thumb Code    10  fretinf.o(x$fpl$fretinf)
    _printf_fp_dec                           0x08009a47   Thumb Code     4  printf1.o(x$fpl$printf1)
    __I$use$fp                               0x08009a4a   Number         0  usenofp.o(x$fpl$usenofp)
    myTask01_attributes                      0x08009a4c   Data          36  main.o(.constdata)
    myTask02_attributes                      0x08009a70   Data          36  main.o(.constdata)
    myTask03_attributes                      0x08009a94   Data          36  main.o(.constdata)
    myTask04_attributes                      0x08009ab8   Data          36  main.o(.constdata)
    myTask05_attributes                      0x08009adc   Data          36  main.o(.constdata)
    myTask06_attributes                      0x08009b00   Data          36  main.o(.constdata)
    myTask07_attributes                      0x08009b24   Data          36  main.o(.constdata)
    myTask08_attributes                      0x08009b48   Data          36  main.o(.constdata)
    myQueue01_attributes                     0x08009b6c   Data          24  main.o(.constdata)
    BinarySem_TX_UART_attributes             0x08009b84   Data          16  main.o(.constdata)
    BinarySem_IT_UART_attributes             0x08009b94   Data          16  main.o(.constdata)
    BinarySem_IT_BUTTON_attributes           0x08009ba4   Data          16  main.o(.constdata)
    CountingSem_Mode2_attributes             0x08009bb4   Data          16  main.o(.constdata)
    AHBPrescTable                            0x08009bc4   Data          16  system_stm32f1xx.o(.constdata)
    APBPrescTable                            0x08009bd4   Data           8  system_stm32f1xx.o(.constdata)
    Region$$Table$$Base                      0x08009d2c   Number         0  anon$$obj.o(Region$$Table)
    Region$$Table$$Limit                     0x08009d4c   Number         0  anon$$obj.o(Region$$Table)
    myTask01Handle                           0x20000000   Data           4  main.o(.data)
    myTask02Handle                           0x20000004   Data           4  main.o(.data)
    myTask03Handle                           0x20000008   Data           4  main.o(.data)
    myTask04Handle                           0x2000000c   Data           4  main.o(.data)
    myTask05Handle                           0x20000010   Data           4  main.o(.data)
    myTask06Handle                           0x20000014   Data           4  main.o(.data)
    myTask07Handle                           0x20000018   Data           4  main.o(.data)
    myTask08Handle                           0x2000001c   Data           4  main.o(.data)
    myQueue01Handle                          0x20000020   Data           4  main.o(.data)
    BinarySem_TX_UARTHandle                  0x20000024   Data           4  main.o(.data)
    BinarySem_IT_UARTHandle                  0x20000028   Data           4  main.o(.data)
    BinarySem_IT_BUTTONHandle                0x2000002c   Data           4  main.o(.data)
    CountingSem_Mode2Handle                  0x20000030   Data           4  main.o(.data)
    DATA_RX_1char                            0x20000034   Data           1  main.o(.data)
    flag_isr_uart                            0x20000035   Data           1  main.o(.data)
    index_uart                               0x20000036   Data           1  main.o(.data)
    T_display_m1                             0x20000038   Data           2  main.o(.data)
    MODE_DISPLAY                             0x2000003a   Data           1  main.o(.data)
    CheckTime_start                          0x2000003c   Data           4  main.o(.data)
    TEMP                                     0x20000040   Data           4  main.o(.data)
    HUM                                      0x20000044   Data           2  main.o(.data)
    GAS                                      0x20000046   Data           2  main.o(.data)
    HUM_threshold                            0x20000048   Data           2  main.o(.data)
    TEMP_threshold                           0x2000004a   Data           2  main.o(.data)
    GAS_threshold                            0x2000004c   Data           2  main.o(.data)
    uwTick                                   0x20000054   Data           4  stm32f1xx_hal.o(.data)
    uwTickPrio                               0x20000058   Data           4  stm32f1xx_hal.o(.data)
    uwTickFreq                               0x2000005c   Data           1  stm32f1xx_hal.o(.data)
    SystemCoreClock                          0x20000060   Data           4  system_stm32f1xx.o(.data)
    pxCurrentTCB                             0x20000064   Data           4  tasks.o(.data)
    hadc1                                    0x200000dc   Data          48  main.o(.bss)
    hi2c1                                    0x2000010c   Data          84  main.o(.bss)
    htim2                                    0x20000160   Data          72  main.o(.bss)
    huart1                                   0x200001a8   Data          68  main.o(.bss)
    DATA_RX                                  0x200001ec   Data          50  main.o(.bss)
    DATA_TX                                  0x2000021e   Data          50  main.o(.bss)
    notice                                   0x20000250   Data          20  main.o(.bss)
    DHT11                                    0x20000264   Data          32  main.o(.bss)
    ndo                                      0x20000284   Data          30  main.o(.bss)
    doamgas                                  0x200002a2   Data          30  main.o(.bss)
    htim1                                    0x200002c0   Data          72  stm32f1xx_hal_timebase_tim.o(.bss)
    xQueueRegistry                           0x20000308   Data          64  queue.o(.bss)
    __libspace_start                         0x20003c00   Data          96  libspace.o(.bss)
    __temporary_stack_top$libspace           0x20003c60   Data           0  libspace.o(.bss)



==============================================================================

Memory Map of the image

  Image Entry point : 0x080000ed

  Load Region LR_IROM1 (Base: 0x08000000, Size: 0x00009e44, Max: 0x00010000, ABSOLUTE)

    Execution Region ER_IROM1 (Exec base: 0x08000000, Load base: 0x08000000, Size: 0x00009d68, Max: 0x00010000, ABSOLUTE)

    Exec Addr    Load Addr    Size         Type   Attr      Idx    E Section Name        Object

    0x08000000   0x08000000   0x000000ec   Data   RO            3    RESET               startup_stm32f103xb.o
    0x080000ec   0x080000ec   0x00000008   Code   RO         5608  * !!!main             c_w.l(__main.o)
    0x080000f4   0x080000f4   0x00000034   Code   RO         5870    !!!scatter          c_w.l(__scatter.o)
    0x08000128   0x08000128   0x0000001a   Code   RO         5872    !!handler_copy      c_w.l(__scatter_copy.o)
    0x08000142   0x08000142   0x00000002   PAD
    0x08000144   0x08000144   0x0000001c   Code   RO         5874    !!handler_zi        c_w.l(__scatter_zi.o)
    0x08000160   0x08000160   0x00000000   Code   RO         5593    .ARM.Collect$$_printf_percent$$00000000  c_w.l(_printf_percent.o)
    0x08000160   0x08000160   0x00000006   Code   RO         5592    .ARM.Collect$$_printf_percent$$00000003  c_w.l(_printf_f.o)
    0x08000166   0x08000166   0x00000006   Code   RO         5591    .ARM.Collect$$_printf_percent$$00000009  c_w.l(_printf_d.o)
    0x0800016c   0x0800016c   0x00000006   Code   RO         5590    .ARM.Collect$$_printf_percent$$00000014  c_w.l(_printf_s.o)
    0x08000172   0x08000172   0x00000004   Code   RO         5655    .ARM.Collect$$_printf_percent$$00000017  c_w.l(_printf_percent_end.o)
    0x08000176   0x08000176   0x00000002   Code   RO         5743    .ARM.Collect$$libinit$$00000000  c_w.l(libinit.o)
    0x08000178   0x08000178   0x00000000   Code   RO         5745    .ARM.Collect$$libinit$$00000002  c_w.l(libinit2.o)
    0x08000178   0x08000178   0x00000000   Code   RO         5747    .ARM.Collect$$libinit$$00000004  c_w.l(libinit2.o)
    0x08000178   0x08000178   0x00000000   Code   RO         5750    .ARM.Collect$$libinit$$0000000A  c_w.l(libinit2.o)
    0x08000178   0x08000178   0x00000000   Code   RO         5752    .ARM.Collect$$libinit$$0000000C  c_w.l(libinit2.o)
    0x08000178   0x08000178   0x00000000   Code   RO         5754    .ARM.Collect$$libinit$$0000000E  c_w.l(libinit2.o)
    0x08000178   0x08000178   0x00000006   Code   RO         5755    .ARM.Collect$$libinit$$0000000F  c_w.l(libinit2.o)
    0x0800017e   0x0800017e   0x00000000   Code   RO         5757    .ARM.Collect$$libinit$$00000011  c_w.l(libinit2.o)
    0x0800017e   0x0800017e   0x00000000   Code   RO         5759    .ARM.Collect$$libinit$$00000013  c_w.l(libinit2.o)
    0x0800017e   0x0800017e   0x00000000   Code   RO         5761    .ARM.Collect$$libinit$$00000015  c_w.l(libinit2.o)
    0x0800017e   0x0800017e   0x0000000a   Code   RO         5762    .ARM.Collect$$libinit$$00000016  c_w.l(libinit2.o)
    0x08000188   0x08000188   0x00000000   Code   RO         5763    .ARM.Collect$$libinit$$00000017  c_w.l(libinit2.o)
    0x08000188   0x08000188   0x00000000   Code   RO         5765    .ARM.Collect$$libinit$$00000019  c_w.l(libinit2.o)
    0x08000188   0x08000188   0x00000000   Code   RO         5767    .ARM.Collect$$libinit$$0000001B  c_w.l(libinit2.o)
    0x08000188   0x08000188   0x00000000   Code   RO         5769    .ARM.Collect$$libinit$$0000001D  c_w.l(libinit2.o)
    0x08000188   0x08000188   0x00000000   Code   RO         5771    .ARM.Collect$$libinit$$0000001F  c_w.l(libinit2.o)
    0x08000188   0x08000188   0x00000000   Code   RO         5773    .ARM.Collect$$libinit$$00000021  c_w.l(libinit2.o)
    0x08000188   0x08000188   0x00000000   Code   RO         5775    .ARM.Collect$$libinit$$00000023  c_w.l(libinit2.o)
    0x08000188   0x08000188   0x00000000   Code   RO         5777    .ARM.Collect$$libinit$$00000025  c_w.l(libinit2.o)
    0x08000188   0x08000188   0x00000000   Code   RO         5781    .ARM.Collect$$libinit$$0000002C  c_w.l(libinit2.o)
    0x08000188   0x08000188   0x00000000   Code   RO         5783    .ARM.Collect$$libinit$$0000002E  c_w.l(libinit2.o)
    0x08000188   0x08000188   0x00000000   Code   RO         5785    .ARM.Collect$$libinit$$00000030  c_w.l(libinit2.o)
    0x08000188   0x08000188   0x00000000   Code   RO         5787    .ARM.Collect$$libinit$$00000032  c_w.l(libinit2.o)
    0x08000188   0x08000188   0x00000002   Code   RO         5788    .ARM.Collect$$libinit$$00000033  c_w.l(libinit2.o)
    0x0800018a   0x0800018a   0x00000002   Code   RO         5818    .ARM.Collect$$libshutdown$$00000000  c_w.l(libshutdown.o)
    0x0800018c   0x0800018c   0x00000000   Code   RO         5829    .ARM.Collect$$libshutdown$$00000002  c_w.l(libshutdown2.o)
    0x0800018c   0x0800018c   0x00000000   Code   RO         5831    .ARM.Collect$$libshutdown$$00000004  c_w.l(libshutdown2.o)
    0x0800018c   0x0800018c   0x00000000   Code   RO         5834    .ARM.Collect$$libshutdown$$00000007  c_w.l(libshutdown2.o)
    0x0800018c   0x0800018c   0x00000000   Code   RO         5837    .ARM.Collect$$libshutdown$$0000000A  c_w.l(libshutdown2.o)
    0x0800018c   0x0800018c   0x00000000   Code   RO         5839    .ARM.Collect$$libshutdown$$0000000C  c_w.l(libshutdown2.o)
    0x0800018c   0x0800018c   0x00000000   Code   RO         5842    .ARM.Collect$$libshutdown$$0000000F  c_w.l(libshutdown2.o)
    0x0800018c   0x0800018c   0x00000002   Code   RO         5843    .ARM.Collect$$libshutdown$$00000010  c_w.l(libshutdown2.o)
    0x0800018e   0x0800018e   0x00000000   Code   RO         5644    .ARM.Collect$$rtentry$$00000000  c_w.l(__rtentry.o)
    0x0800018e   0x0800018e   0x00000000   Code   RO         5672    .ARM.Collect$$rtentry$$00000002  c_w.l(__rtentry2.o)
    0x0800018e   0x0800018e   0x00000006   Code   RO         5684    .ARM.Collect$$rtentry$$00000004  c_w.l(__rtentry4.o)
    0x08000194   0x08000194   0x00000000   Code   RO         5674    .ARM.Collect$$rtentry$$00000009  c_w.l(__rtentry2.o)
    0x08000194   0x08000194   0x00000004   Code   RO         5675    .ARM.Collect$$rtentry$$0000000A  c_w.l(__rtentry2.o)
    0x08000198   0x08000198   0x00000000   Code   RO         5677    .ARM.Collect$$rtentry$$0000000C  c_w.l(__rtentry2.o)
    0x08000198   0x08000198   0x00000008   Code   RO         5678    .ARM.Collect$$rtentry$$0000000D  c_w.l(__rtentry2.o)
    0x080001a0   0x080001a0   0x00000002   Code   RO         5789    .ARM.Collect$$rtexit$$00000000  c_w.l(rtexit.o)
    0x080001a2   0x080001a2   0x00000000   Code   RO         5796    .ARM.Collect$$rtexit$$00000002  c_w.l(rtexit2.o)
    0x080001a2   0x080001a2   0x00000004   Code   RO         5797    .ARM.Collect$$rtexit$$00000003  c_w.l(rtexit2.o)
    0x080001a6   0x080001a6   0x00000006   Code   RO         5798    .ARM.Collect$$rtexit$$00000004  c_w.l(rtexit2.o)
    0x080001ac   0x080001ac   0x00000096   Code   RO         5477    .emb_text           port.o
    0x08000242   0x08000242   0x00000002   PAD
    0x08000244   0x08000244   0x00000040   Code   RO            4    .text               startup_stm32f103xb.o
    0x08000284   0x08000284   0x0000002c   Code   RO         5558    .text               c_w.l(__2sprintf.o)
    0x080002b0   0x080002b0   0x0000004e   Code   RO         5564    .text               c_w.l(_printf_pad.o)
    0x080002fe   0x080002fe   0x00000052   Code   RO         5566    .text               c_w.l(_printf_str.o)
    0x08000350   0x08000350   0x00000078   Code   RO         5568    .text               c_w.l(_printf_dec.o)
    0x080003c8   0x080003c8   0x00000160   Code   RO         5585    .text               c_w.l(__printf_ss_wp.o)
    0x08000528   0x08000528   0x00000024   Code   RO         5594    .text               c_w.l(strstr.o)
    0x0800054c   0x0800054c   0x00000048   Code   RO         5596    .text               c_w.l(strcpy.o)
    0x08000594   0x08000594   0x0000008a   Code   RO         5598    .text               c_w.l(rt_memcpy_v6.o)
    0x0800061e   0x0800061e   0x00000010   Code   RO         5602    .text               c_w.l(aeabi_memset.o)
    0x0800062e   0x0800062e   0x0000004e   Code   RO         5604    .text               c_w.l(rt_memclr_w.o)
    0x0800067c   0x0800067c   0x00000006   Code   RO         5606    .text               c_w.l(heapauxi.o)
    0x08000682   0x08000682   0x000000b2   Code   RO         5645    .text               c_w.l(_printf_intcommon.o)
    0x08000734   0x08000734   0x0000041e   Code   RO         5647    .text               c_w.l(_printf_fp_dec.o)
    0x08000b52   0x08000b52   0x00000002   PAD
    0x08000b54   0x08000b54   0x00000030   Code   RO         5649    .text               c_w.l(_printf_char_common.o)
    0x08000b84   0x08000b84   0x0000000a   Code   RO         5651    .text               c_w.l(_sputc.o)
    0x08000b8e   0x08000b8e   0x0000002c   Code   RO         5653    .text               c_w.l(_printf_char.o)
    0x08000bba   0x08000bba   0x00000064   Code   RO         5656    .text               c_w.l(rt_memcpy_w.o)
    0x08000c1e   0x08000c1e   0x00000044   Code   RO         5658    .text               c_w.l(rt_memclr.o)
    0x08000c62   0x08000c62   0x00000002   PAD
    0x08000c64   0x08000c64   0x00000008   Code   RO         5689    .text               c_w.l(rt_locale_intlibspace.o)
    0x08000c6c   0x08000c6c   0x0000008a   Code   RO         5691    .text               c_w.l(lludiv10.o)
    0x08000cf6   0x08000cf6   0x00000002   PAD
    0x08000cf8   0x08000cf8   0x00000080   Code   RO         5693    .text               c_w.l(_printf_fp_infnan.o)
    0x08000d78   0x08000d78   0x000000e4   Code   RO         5697    .text               c_w.l(bigflt0.o)
    0x08000e5c   0x08000e5c   0x00000008   Code   RO         5729    .text               c_w.l(libspace.o)
    0x08000e64   0x08000e64   0x0000004a   Code   RO         5732    .text               c_w.l(sys_stackheap_outer.o)
    0x08000eae   0x08000eae   0x00000012   Code   RO         5734    .text               c_w.l(exit.o)
    0x08000ec0   0x08000ec0   0x00000080   Code   RO         5736    .text               c_w.l(strcmpv7m.o)
    0x08000f40   0x08000f40   0x0000000c   Code   RO         5808    .text               c_w.l(sys_exit.o)
    0x08000f4c   0x08000f4c   0x00000002   Code   RO         5819    .text               c_w.l(use_no_semi.o)
    0x08000f4e   0x08000f4e   0x00000000   Code   RO         5821    .text               c_w.l(indicate_semi.o)
    0x08000f4e   0x08000f4e   0x0000003e   Code   RO         5700    CL$$btod_d2e        c_w.l(btod.o)
    0x08000f8c   0x08000f8c   0x00000046   Code   RO         5702    CL$$btod_d2e_denorm_low  c_w.l(btod.o)
    0x08000fd2   0x08000fd2   0x00000060   Code   RO         5701    CL$$btod_d2e_norm_op1  c_w.l(btod.o)
    0x08001032   0x08001032   0x00000338   Code   RO         5710    CL$$btod_div_common  c_w.l(btod.o)
    0x0800136a   0x0800136a   0x000000dc   Code   RO         5707    CL$$btod_e2e        c_w.l(btod.o)
    0x08001446   0x08001446   0x0000002a   Code   RO         5704    CL$$btod_ediv       c_w.l(btod.o)
    0x08001470   0x08001470   0x0000002a   Code   RO         5703    CL$$btod_emul       c_w.l(btod.o)
    0x0800149a   0x0800149a   0x00000244   Code   RO         5709    CL$$btod_mult_common  c_w.l(btod.o)
    0x080016de   0x080016de   0x00000002   PAD
    0x080016e0   0x080016e0   0x00000010   Code   RO          448    i.ADC1_2_IRQHandler  stm32f1xx_it.o
    0x080016f0   0x080016f0   0x0000005c   Code   RO          750    i.ADC_ConversionStop_Disable  stm32f1xx_hal_adc.o
    0x0800174c   0x0800174c   0x00000090   Code   RO          754    i.ADC_Enable        stm32f1xx_hal_adc.o
    0x080017dc   0x080017dc   0x00000004   Code   RO          449    i.BusFault_Handler  stm32f1xx_it.o
    0x080017e0   0x080017e0   0x0000003e   Code   RO          140    i.DHT_AwaitPinState  dht.o
    0x0800181e   0x0800181e   0x00000010   Code   RO          141    i.DHT_DelayMs       dht.o
    0x0800182e   0x0800182e   0x00000010   Code   RO          142    i.DHT_DelayUs       dht.o
    0x0800183e   0x0800183e   0x000000e4   Code   RO          143    i.DHT_FetchData     dht.o
    0x08001922   0x08001922   0x00000020   Code   RO          144    i.DHT_Init          dht.o
    0x08001942   0x08001942   0x00000012   Code   RO          145    i.DHT_ReadPin       dht.o
    0x08001954   0x08001954   0x00000108   Code   RO          146    i.DHT_ReadTempHum   dht.o
    0x08001a5c   0x08001a5c   0x00000022   Code   RO          147    i.DHT_SetPinIn      dht.o
    0x08001a7e   0x08001a7e   0x00000002   PAD
    0x08001a80   0x08001a80   0x000000a4   Code   RO          148    i.DHT_SetPinOut     dht.o
    0x08001b24   0x08001b24   0x00000012   Code   RO          149    i.DHT_WritePin      dht.o
    0x08001b36   0x08001b36   0x00000002   Code   RO          450    i.DebugMon_Handler  stm32f1xx_it.o
    0x08001b38   0x08001b38   0x0000000a   Code   RO          451    i.EXTI3_IRQHandler  stm32f1xx_it.o
    0x08001b42   0x08001b42   0x00000006   Code   RO          213    i.Error_Handler     main.o
    0x08001b48   0x08001b48   0x00000048   Code   RO          214    i.GetValue          main.o
    0x08001b90   0x08001b90   0x00000118   Code   RO          930    i.HAL_ADCEx_Calibration_Start  stm32f1xx_hal_adc_ex.o
    0x08001ca8   0x08001ca8   0x00000002   Code   RO          932    i.HAL_ADCEx_InjectedConvCpltCallback  stm32f1xx_hal_adc_ex.o
    0x08001caa   0x08001caa   0x00000002   PAD
    0x08001cac   0x08001cac   0x00000160   Code   RO          756    i.HAL_ADC_ConfigChannel  stm32f1xx_hal_adc.o
    0x08001e0c   0x08001e0c   0x00000002   Code   RO          757    i.HAL_ADC_ConvCpltCallback  stm32f1xx_hal_adc.o
    0x08001e0e   0x08001e0e   0x00000008   Code   RO          763    i.HAL_ADC_GetValue  stm32f1xx_hal_adc.o
    0x08001e16   0x08001e16   0x00000122   Code   RO          764    i.HAL_ADC_IRQHandler  stm32f1xx_hal_adc.o
    0x08001f38   0x08001f38   0x00000144   Code   RO          765    i.HAL_ADC_Init      stm32f1xx_hal_adc.o
    0x0800207c   0x0800207c   0x00000002   Code   RO          766    i.HAL_ADC_LevelOutOfWindowCallback  stm32f1xx_hal_adc.o
    0x0800207e   0x0800207e   0x00000002   PAD
    0x08002080   0x08002080   0x00000080   Code   RO          549    i.HAL_ADC_MspInit   stm32f1xx_hal_msp.o
    0x08002100   0x08002100   0x00000180   Code   RO          769    i.HAL_ADC_PollForConversion  stm32f1xx_hal_adc.o
    0x08002280   0x08002280   0x00000130   Code   RO          771    i.HAL_ADC_Start     stm32f1xx_hal_adc.o
    0x080023b0   0x080023b0   0x00000040   Code   RO          774    i.HAL_ADC_Stop      stm32f1xx_hal_adc.o
    0x080023f0   0x080023f0   0x00000056   Code   RO         1410    i.HAL_DMA_Abort     stm32f1xx_hal_dma.o
    0x08002446   0x08002446   0x00000002   PAD
    0x08002448   0x08002448   0x000000b0   Code   RO         1411    i.HAL_DMA_Abort_IT  stm32f1xx_hal_dma.o
    0x080024f8   0x080024f8   0x00000008   Code   RO         1414    i.HAL_DMA_GetState  stm32f1xx_hal_dma.o
    0x08002500   0x08002500   0x00000028   Code   RO         1033    i.HAL_Delay         stm32f1xx_hal.o
    0x08002528   0x08002528   0x00000030   Code   RO          215    i.HAL_GPIO_EXTI_Callback  main.o
    0x08002558   0x08002558   0x0000001c   Code   RO         1345    i.HAL_GPIO_EXTI_IRQHandler  stm32f1xx_hal_gpio.o
    0x08002574   0x08002574   0x00000320   Code   RO         1346    i.HAL_GPIO_Init     stm32f1xx_hal_gpio.o
    0x08002894   0x08002894   0x00000010   Code   RO         1348    i.HAL_GPIO_ReadPin  stm32f1xx_hal_gpio.o
    0x080028a4   0x080028a4   0x0000000c   Code   RO         1350    i.HAL_GPIO_WritePin  stm32f1xx_hal_gpio.o
    0x080028b0   0x080028b0   0x0000000c   Code   RO         1037    i.HAL_GetTick       stm32f1xx_hal.o
    0x080028bc   0x080028bc   0x00000002   Code   RO         2032    i.HAL_I2C_AbortCpltCallback  stm32f1xx_hal_i2c.o
    0x080028be   0x080028be   0x00000002   Code   RO         2033    i.HAL_I2C_AddrCallback  stm32f1xx_hal_i2c.o
    0x080028c0   0x080028c0   0x000000e0   Code   RO         2036    i.HAL_I2C_ER_IRQHandler  stm32f1xx_hal_i2c.o
    0x080029a0   0x080029a0   0x000001da   Code   RO         2037    i.HAL_I2C_EV_IRQHandler  stm32f1xx_hal_i2c.o
    0x08002b7a   0x08002b7a   0x00000002   Code   RO         2039    i.HAL_I2C_ErrorCallback  stm32f1xx_hal_i2c.o
    0x08002b7c   0x08002b7c   0x000001d0   Code   RO         2043    i.HAL_I2C_Init      stm32f1xx_hal_i2c.o
    0x08002d4c   0x08002d4c   0x00000002   Code   RO         2045    i.HAL_I2C_ListenCpltCallback  stm32f1xx_hal_i2c.o
    0x08002d4e   0x08002d4e   0x00000002   Code   RO         2046    i.HAL_I2C_MasterRxCpltCallback  stm32f1xx_hal_i2c.o
    0x08002d50   0x08002d50   0x00000002   Code   RO         2047    i.HAL_I2C_MasterTxCpltCallback  stm32f1xx_hal_i2c.o
    0x08002d52   0x08002d52   0x00000002   PAD
    0x08002d54   0x08002d54   0x00000170   Code   RO         2056    i.HAL_I2C_Master_Transmit  stm32f1xx_hal_i2c.o
    0x08002ec4   0x08002ec4   0x00000002   Code   RO         2059    i.HAL_I2C_MemRxCpltCallback  stm32f1xx_hal_i2c.o
    0x08002ec6   0x08002ec6   0x00000002   Code   RO         2060    i.HAL_I2C_MemTxCpltCallback  stm32f1xx_hal_i2c.o
    0x08002ec8   0x08002ec8   0x00000094   Code   RO          551    i.HAL_I2C_MspInit   stm32f1xx_hal_msp.o
    0x08002f5c   0x08002f5c   0x00000002   Code   RO         2069    i.HAL_I2C_SlaveRxCpltCallback  stm32f1xx_hal_i2c.o
    0x08002f5e   0x08002f5e   0x00000002   Code   RO         2070    i.HAL_I2C_SlaveTxCpltCallback  stm32f1xx_hal_i2c.o
    0x08002f60   0x08002f60   0x00000018   Code   RO         1043    i.HAL_IncTick       stm32f1xx_hal.o
    0x08002f78   0x08002f78   0x00000028   Code   RO         1044    i.HAL_Init          stm32f1xx_hal.o
    0x08002fa0   0x08002fa0   0x000000a0   Code   RO          620    i.HAL_InitTick      stm32f1xx_hal_timebase_tim.o
    0x08003040   0x08003040   0x00000048   Code   RO          552    i.HAL_MspInit       stm32f1xx_hal_msp.o
    0x08003088   0x08003088   0x00000020   Code   RO         1506    i.HAL_NVIC_EnableIRQ  stm32f1xx_hal_cortex.o
    0x080030a8   0x080030a8   0x0000007c   Code   RO         1512    i.HAL_NVIC_SetPriority  stm32f1xx_hal_cortex.o
    0x08003124   0x08003124   0x00000028   Code   RO         1513    i.HAL_NVIC_SetPriorityGrouping  stm32f1xx_hal_cortex.o
    0x0800314c   0x0800314c   0x00000118   Code   RO         1308    i.HAL_RCCEx_GetPeriphCLKFreq  stm32f1xx_hal_rcc_ex.o
    0x08003264   0x08003264   0x00000130   Code   RO         1309    i.HAL_RCCEx_PeriphCLKConfig  stm32f1xx_hal_rcc_ex.o
    0x08003394   0x08003394   0x0000018c   Code   RO         1201    i.HAL_RCC_ClockConfig  stm32f1xx_hal_rcc.o
    0x08003520   0x08003520   0x00000044   Code   RO         1205    i.HAL_RCC_GetClockConfig  stm32f1xx_hal_rcc.o
    0x08003564   0x08003564   0x0000000c   Code   RO         1206    i.HAL_RCC_GetHCLKFreq  stm32f1xx_hal_rcc.o
    0x08003570   0x08003570   0x00000020   Code   RO         1208    i.HAL_RCC_GetPCLK1Freq  stm32f1xx_hal_rcc.o
    0x08003590   0x08003590   0x00000020   Code   RO         1209    i.HAL_RCC_GetPCLK2Freq  stm32f1xx_hal_rcc.o
    0x080035b0   0x080035b0   0x00000094   Code   RO         1210    i.HAL_RCC_GetSysClockFreq  stm32f1xx_hal_rcc.o
    0x08003644   0x08003644   0x00000464   Code   RO         1213    i.HAL_RCC_OscConfig  stm32f1xx_hal_rcc.o
    0x08003aa8   0x08003aa8   0x00000002   Code   RO         3221    i.HAL_TIMEx_BreakCallback  stm32f1xx_hal_tim_ex.o
    0x08003aaa   0x08003aaa   0x00000002   Code   RO         3222    i.HAL_TIMEx_CommutCallback  stm32f1xx_hal_tim_ex.o
    0x08003aac   0x08003aac   0x00000084   Code   RO         3240    i.HAL_TIMEx_MasterConfigSynchronization  stm32f1xx_hal_tim_ex.o
    0x08003b30   0x08003b30   0x00000066   Code   RO         2506    i.HAL_TIM_Base_Init  stm32f1xx_hal_tim.o
    0x08003b96   0x08003b96   0x00000002   PAD
    0x08003b98   0x08003b98   0x00000040   Code   RO          554    i.HAL_TIM_Base_MspInit  stm32f1xx_hal_msp.o
    0x08003bd8   0x08003bd8   0x0000006c   Code   RO         2509    i.HAL_TIM_Base_Start  stm32f1xx_hal_tim.o
    0x08003c44   0x08003c44   0x00000078   Code   RO         2511    i.HAL_TIM_Base_Start_IT  stm32f1xx_hal_tim.o
    0x08003cbc   0x08003cbc   0x00000032   Code   RO         2512    i.HAL_TIM_Base_Stop  stm32f1xx_hal_tim.o
    0x08003cee   0x08003cee   0x00000108   Code   RO         2515    i.HAL_TIM_ConfigClockSource  stm32f1xx_hal_tim.o
    0x08003df6   0x08003df6   0x00000002   Code   RO         2540    i.HAL_TIM_IC_CaptureCallback  stm32f1xx_hal_tim.o
    0x08003df8   0x08003df8   0x00000196   Code   RO         2554    i.HAL_TIM_IRQHandler  stm32f1xx_hal_tim.o
    0x08003f8e   0x08003f8e   0x00000002   Code   RO         2557    i.HAL_TIM_OC_DelayElapsedCallback  stm32f1xx_hal_tim.o
    0x08003f90   0x08003f90   0x00000002   Code   RO         2584    i.HAL_TIM_PWM_PulseFinishedCallback  stm32f1xx_hal_tim.o
    0x08003f92   0x08003f92   0x00000002   PAD
    0x08003f94   0x08003f94   0x00000018   Code   RO          216    i.HAL_TIM_PeriodElapsedCallback  main.o
    0x08003fac   0x08003fac   0x00000002   Code   RO         2597    i.HAL_TIM_TriggerCallback  stm32f1xx_hal_tim.o
    0x08003fae   0x08003fae   0x00000002   Code   RO         3499    i.HAL_UARTEx_RxEventCallback  stm32f1xx_hal_uart.o
    0x08003fb0   0x08003fb0   0x00000002   Code   RO         3513    i.HAL_UART_ErrorCallback  stm32f1xx_hal_uart.o
    0x08003fb2   0x08003fb2   0x00000002   PAD
    0x08003fb4   0x08003fb4   0x0000024c   Code   RO         3516    i.HAL_UART_IRQHandler  stm32f1xx_hal_uart.o
    0x08004200   0x08004200   0x00000072   Code   RO         3517    i.HAL_UART_Init     stm32f1xx_hal_uart.o
    0x08004272   0x08004272   0x00000002   PAD
    0x08004274   0x08004274   0x00000098   Code   RO          556    i.HAL_UART_MspInit  stm32f1xx_hal_msp.o
    0x0800430c   0x0800430c   0x00000042   Code   RO         3522    i.HAL_UART_Receive_IT  stm32f1xx_hal_uart.o
    0x0800434e   0x0800434e   0x00000002   PAD
    0x08004350   0x08004350   0x00000058   Code   RO          217    i.HAL_UART_RxCpltCallback  main.o
    0x080043a8   0x080043a8   0x000000d2   Code   RO         3525    i.HAL_UART_Transmit  stm32f1xx_hal_uart.o
    0x0800447a   0x0800447a   0x00000002   Code   RO         3528    i.HAL_UART_TxCpltCallback  stm32f1xx_hal_uart.o
    0x0800447c   0x0800447c   0x00000004   Code   RO          452    i.HardFault_Handler  stm32f1xx_it.o
    0x08004480   0x08004480   0x00000010   Code   RO          453    i.I2C1_ER_IRQHandler  stm32f1xx_it.o
    0x08004490   0x08004490   0x00000010   Code   RO          454    i.I2C1_EV_IRQHandler  stm32f1xx_it.o
    0x080044a0   0x080044a0   0x0000001c   Code   RO         2081    i.I2C_ConvertOtherXferOptions  stm32f1xx_hal_i2c.o
    0x080044bc   0x080044bc   0x000000f8   Code   RO         2082    i.I2C_DMAAbort      stm32f1xx_hal_i2c.o
    0x080045b4   0x080045b4   0x000001ac   Code   RO         2085    i.I2C_ITError       stm32f1xx_hal_i2c.o
    0x08004760   0x08004760   0x0000003e   Code   RO         2086    i.I2C_IsAcknowledgeFailed  stm32f1xx_hal_i2c.o
    0x0800479e   0x0800479e   0x00000126   Code   RO         2087    i.I2C_MasterReceive_BTF  stm32f1xx_hal_i2c.o
    0x080048c4   0x080048c4   0x000000e2   Code   RO         2088    i.I2C_MasterReceive_RXNE  stm32f1xx_hal_i2c.o
    0x080049a6   0x080049a6   0x00000002   PAD
    0x080049a8   0x080049a8   0x000000c0   Code   RO         2090    i.I2C_MasterRequestWrite  stm32f1xx_hal_i2c.o
    0x08004a68   0x08004a68   0x000000a0   Code   RO         2091    i.I2C_MasterTransmit_BTF  stm32f1xx_hal_i2c.o
    0x08004b08   0x08004b08   0x000000d8   Code   RO         2092    i.I2C_MasterTransmit_TXE  stm32f1xx_hal_i2c.o
    0x08004be0   0x08004be0   0x0000002a   Code   RO         2093    i.I2C_Master_ADD10  stm32f1xx_hal_i2c.o
    0x08004c0a   0x08004c0a   0x00000280   Code   RO         2094    i.I2C_Master_ADDR   stm32f1xx_hal_i2c.o
    0x08004e8a   0x08004e8a   0x0000009e   Code   RO         2095    i.I2C_Master_SB     stm32f1xx_hal_i2c.o
    0x08004f28   0x08004f28   0x000000be   Code   RO         2096    i.I2C_MemoryTransmit_TXE_BTF  stm32f1xx_hal_i2c.o
    0x08004fe6   0x08004fe6   0x0000001a   Code   RO         2099    i.I2C_SlaveReceive_BTF  stm32f1xx_hal_i2c.o
    0x08005000   0x08005000   0x00000046   Code   RO         2100    i.I2C_SlaveReceive_RXNE  stm32f1xx_hal_i2c.o
    0x08005046   0x08005046   0x0000001a   Code   RO         2101    i.I2C_SlaveTransmit_BTF  stm32f1xx_hal_i2c.o
    0x08005060   0x08005060   0x00000046   Code   RO         2102    i.I2C_SlaveTransmit_TXE  stm32f1xx_hal_i2c.o
    0x080050a6   0x080050a6   0x00000070   Code   RO         2103    i.I2C_Slave_ADDR    stm32f1xx_hal_i2c.o
    0x08005116   0x08005116   0x00000002   PAD
    0x08005118   0x08005118   0x000000a0   Code   RO         2104    i.I2C_Slave_AF      stm32f1xx_hal_i2c.o
    0x080051b8   0x080051b8   0x0000018c   Code   RO         2105    i.I2C_Slave_STOPF   stm32f1xx_hal_i2c.o
    0x08005344   0x08005344   0x0000005c   Code   RO         2106    i.I2C_WaitOnBTFFlagUntilTimeout  stm32f1xx_hal_i2c.o
    0x080053a0   0x080053a0   0x00000086   Code   RO         2107    i.I2C_WaitOnFlagUntilTimeout  stm32f1xx_hal_i2c.o
    0x08005426   0x08005426   0x000000c4   Code   RO         2108    i.I2C_WaitOnMasterAddressFlagUntilTimeout  stm32f1xx_hal_i2c.o
    0x080054ea   0x080054ea   0x00000002   PAD
    0x080054ec   0x080054ec   0x00000050   Code   RO         2111    i.I2C_WaitOnSTOPRequestThroughIT  stm32f1xx_hal_i2c.o
    0x0800553c   0x0800553c   0x0000005c   Code   RO         2112    i.I2C_WaitOnTXEFlagUntilTimeout  stm32f1xx_hal_i2c.o
    0x08005598   0x08005598   0x0000005c   Code   RO          218    i.MX_ADC1_Init      main.o
    0x080055f4   0x080055f4   0x000000d8   Code   RO          219    i.MX_GPIO_Init      main.o
    0x080056cc   0x080056cc   0x0000003c   Code   RO          220    i.MX_I2C1_Init      main.o
    0x08005708   0x08005708   0x0000006c   Code   RO          221    i.MX_TIM2_Init      main.o
    0x08005774   0x08005774   0x00000038   Code   RO          222    i.MX_USART1_UART_Init  main.o
    0x080057ac   0x080057ac   0x00000004   Code   RO          455    i.MemManage_Handler  stm32f1xx_it.o
    0x080057b0   0x080057b0   0x00000004   Code   RO          456    i.NMI_Handler       stm32f1xx_it.o
    0x080057b4   0x080057b4   0x00000028   Code   RO         1214    i.RCC_Delay         stm32f1xx_hal_rcc.o
    0x080057dc   0x080057dc   0x00000010   Code   RO          224    i.StartTask01       main.o
    0x080057ec   0x080057ec   0x00000010   Code   RO          225    i.StartTask02       main.o
    0x080057fc   0x080057fc   0x00000010   Code   RO          226    i.StartTask03       main.o
    0x0800580c   0x0800580c   0x00000118   Code   RO          227    i.StartTask04       main.o
    0x08005924   0x08005924   0x00000104   Code   RO          228    i.StartTask05       main.o
    0x08005a28   0x08005a28   0x00000104   Code   RO          229    i.StartTask06       main.o
    0x08005b2c   0x08005b2c   0x000001c0   Code   RO          230    i.StartTask07       main.o
    0x08005cec   0x08005cec   0x00000044   Code   RO          231    i.StartTask08       main.o
    0x08005d30   0x08005d30   0x00000034   Code   RO         5478    i.SysTick_Handler   port.o
    0x08005d64   0x08005d64   0x00000084   Code   RO          232    i.SystemClock_Config  main.o
    0x08005de8   0x08005de8   0x00000002   Code   RO         3856    i.SystemInit        system_stm32f1xx.o
    0x08005dea   0x08005dea   0x00000002   PAD
    0x08005dec   0x08005dec   0x00000010   Code   RO          457    i.TIM1_UP_IRQHandler  stm32f1xx_it.o
    0x08005dfc   0x08005dfc   0x00000010   Code   RO          458    i.TIM2_IRQHandler   stm32f1xx_it.o
    0x08005e0c   0x08005e0c   0x00000074   Code   RO         2599    i.TIM_Base_SetConfig  stm32f1xx_hal_tim.o
    0x08005e80   0x08005e80   0x0000001e   Code   RO           13    i.TIM_DelayMs       delay_timer.o
    0x08005e9e   0x08005e9e   0x00000024   Code   RO           14    i.TIM_DelayUs       delay_timer.o
    0x08005ec2   0x08005ec2   0x00000016   Code   RO         2610    i.TIM_ETR_SetConfig  stm32f1xx_hal_tim.o
    0x08005ed8   0x08005ed8   0x00000012   Code   RO         2611    i.TIM_ITRx_SetConfig  stm32f1xx_hal_tim.o
    0x08005eea   0x08005eea   0x00000026   Code   RO         2617    i.TIM_TI1_ConfigInputStage  stm32f1xx_hal_tim.o
    0x08005f10   0x08005f10   0x00000028   Code   RO         2619    i.TIM_TI2_ConfigInputStage  stm32f1xx_hal_tim.o
    0x08005f38   0x08005f38   0x0000002c   Code   RO          233    i.Task1             main.o
    0x08005f64   0x08005f64   0x00000034   Code   RO          234    i.Task2             main.o
    0x08005f98   0x08005f98   0x00000078   Code   RO          235    i.Task3             main.o
    0x08006010   0x08006010   0x00000014   Code   RO         3530    i.UART_DMAAbortOnError  stm32f1xx_hal_uart.o
    0x08006024   0x08006024   0x00000036   Code   RO         3540    i.UART_EndRxTransfer  stm32f1xx_hal_uart.o
    0x0800605a   0x0800605a   0x00000020   Code   RO         3541    i.UART_EndTransmit_IT  stm32f1xx_hal_uart.o
    0x0800607a   0x0800607a   0x000000e4   Code   RO         3543    i.UART_Receive_IT   stm32f1xx_hal_uart.o
    0x0800615e   0x0800615e   0x00000002   PAD
    0x08006160   0x08006160   0x000000fc   Code   RO         3544    i.UART_SetConfig    stm32f1xx_hal_uart.o
    0x0800625c   0x0800625c   0x00000046   Code   RO         3546    i.UART_Start_Receive_IT  stm32f1xx_hal_uart.o
    0x080062a2   0x080062a2   0x00000060   Code   RO         3547    i.UART_Transmit_IT  stm32f1xx_hal_uart.o
    0x08006302   0x08006302   0x0000006c   Code   RO         3548    i.UART_WaitOnFlagUntilTimeout  stm32f1xx_hal_uart.o
    0x0800636e   0x0800636e   0x00000002   PAD
    0x08006370   0x08006370   0x00000010   Code   RO          459    i.USART1_IRQHandler  stm32f1xx_it.o
    0x08006380   0x08006380   0x00000004   Code   RO          460    i.UsageFault_Handler  stm32f1xx_it.o
    0x08006384   0x08006384   0x00000028   Code   RO         5727    i.__ARM_fpclassify  m_ws.l(fpclassify.o)
    0x080063ac   0x080063ac   0x00000010   Code   RO         1519    i.__NVIC_GetPriorityGrouping  stm32f1xx_hal_cortex.o
    0x080063bc   0x080063bc   0x00000028   Code   RO         1520    i.__NVIC_SetPriority  stm32f1xx_hal_cortex.o
    0x080063e4   0x080063e4   0x00000006   Code   RO         4992    i.__get_BASEPRI     cmsis_os2.o
    0x080063ea   0x080063ea   0x00000006   Code   RO         4993    i.__get_IPSR        cmsis_os2.o
    0x080063f0   0x080063f0   0x00000006   Code   RO         4994    i.__get_PRIMASK     cmsis_os2.o
    0x080063f6   0x080063f6   0x0000000e   Code   RO         5580    i._is_digit         c_w.l(__printf_wp.o)
    0x08006404   0x08006404   0x00000076   Code   RO          660    i.lcd_init          i2c-lcd.o
    0x0800647a   0x0800647a   0x00000024   Code   RO          661    i.lcd_put_cur       i2c-lcd.o
    0x0800649e   0x0800649e   0x00000002   PAD
    0x080064a0   0x080064a0   0x00000044   Code   RO          662    i.lcd_send_cmd      i2c-lcd.o
    0x080064e4   0x080064e4   0x00000044   Code   RO          663    i.lcd_send_data     i2c-lcd.o
    0x08006528   0x08006528   0x00000016   Code   RO          664    i.lcd_send_string   i2c-lcd.o
    0x0800653e   0x0800653e   0x00000002   PAD
    0x08006540   0x08006540   0x00000198   Code   RO          236    i.main              main.o
    0x080066d8   0x080066d8   0x00000038   Code   RO         4995    i.osDelay           cmsis_os2.o
    0x08006710   0x08006710   0x00000040   Code   RO         5009    i.osKernelInitialize  cmsis_os2.o
    0x08006750   0x08006750   0x00000044   Code   RO         5012    i.osKernelStart     cmsis_os2.o
    0x08006794   0x08006794   0x000000b8   Code   RO         5020    i.osMessageQueueNew  cmsis_os2.o
    0x0800684c   0x0800684c   0x00000084   Code   RO         5028    i.osSemaphoreAcquire  cmsis_os2.o
    0x080068d0   0x080068d0   0x000000ec   Code   RO         5031    i.osSemaphoreNew    cmsis_os2.o
    0x080069bc   0x080069bc   0x00000074   Code   RO         5032    i.osSemaphoreRelease  cmsis_os2.o
    0x08006a30   0x08006a30   0x000000dc   Code   RO         5046    i.osThreadNew       cmsis_os2.o
    0x08006b0c   0x08006b0c   0x00000040   Code   RO         5047    i.osThreadResume    cmsis_os2.o
    0x08006b4c   0x08006b4c   0x00000040   Code   RO         5049    i.osThreadSuspend   cmsis_os2.o
    0x08006b8c   0x08006b8c   0x0000007c   Code   RO         4467    i.prvAddCurrentTaskToDelayedList  tasks.o
    0x08006c08   0x08006c08   0x000000b8   Code   RO         4468    i.prvAddNewTaskToReadyList  tasks.o
    0x08006cc0   0x08006cc0   0x00000074   Code   RO         4828    i.prvCheckForValidListAndQueue  timers.o
    0x08006d34   0x08006d34   0x00000048   Code   RO         4469    i.prvCheckTasksWaitingTermination  tasks.o
    0x08006d7c   0x08006d7c   0x0000002a   Code   RO         4060    i.prvCopyDataFromQueue  queue.o
    0x08006da6   0x08006da6   0x0000007c   Code   RO         4061    i.prvCopyDataToQueue  queue.o
    0x08006e22   0x08006e22   0x00000050   Code   RO         4470    i.prvDeleteTCB      tasks.o
    0x08006e72   0x08006e72   0x00000014   Code   RO         4062    i.prvGetDisinheritPriorityAfterTimeout  queue.o
    0x08006e86   0x08006e86   0x00000002   PAD
    0x08006e88   0x08006e88   0x00000028   Code   RO         4829    i.prvGetNextExpireTime  timers.o
    0x08006eb0   0x08006eb0   0x0000007c   Code   RO         5428    i.prvHeapInit       heap_4.o
    0x08006f2c   0x08006f2c   0x00000028   Code   RO         4471    i.prvIdleTask       tasks.o
    0x08006f54   0x08006f54   0x0000002a   Code   RO         4064    i.prvInitialiseNewQueue  queue.o
    0x08006f7e   0x08006f7e   0x000000b4   Code   RO         4472    i.prvInitialiseNewTask  tasks.o
    0x08007032   0x08007032   0x00000002   PAD
    0x08007034   0x08007034   0x00000068   Code   RO         4473    i.prvInitialiseTaskLists  tasks.o
    0x0800709c   0x0800709c   0x00000068   Code   RO         5429    i.prvInsertBlockIntoFreeList  heap_4.o
    0x08007104   0x08007104   0x00000058   Code   RO         4831    i.prvInsertTimerInActiveList  timers.o
    0x0800715c   0x0800715c   0x0000001a   Code   RO         4065    i.prvIsQueueEmpty   queue.o
    0x08007176   0x08007176   0x0000001e   Code   RO         4066    i.prvIsQueueFull    queue.o
    0x08007194   0x08007194   0x00000064   Code   RO         4832    i.prvProcessExpiredTimer  timers.o
    0x080071f8   0x080071f8   0x00000128   Code   RO         4833    i.prvProcessReceivedCommands  timers.o
    0x08007320   0x08007320   0x00000074   Code   RO         4834    i.prvProcessTimerOrBlockTask  timers.o
    0x08007394   0x08007394   0x00000034   Code   RO         4475    i.prvResetNextTaskUnblockTime  tasks.o
    0x080073c8   0x080073c8   0x0000002c   Code   RO         4835    i.prvSampleTimeNow  timers.o
    0x080073f4   0x080073f4   0x000000a0   Code   RO         4836    i.prvSwitchTimerLists  timers.o
    0x08007494   0x08007494   0x00000040   Code   RO         5479    i.prvTaskExitError  port.o
    0x080074d4   0x080074d4   0x00000058   Code   RO         4477    i.prvTaskIsTaskSuspended  tasks.o
    0x0800752c   0x0800752c   0x0000001a   Code   RO         4837    i.prvTimerTask      timers.o
    0x08007546   0x08007546   0x0000007e   Code   RO         4067    i.prvUnlockQueue    queue.o
    0x080075c4   0x080075c4   0x0000013c   Code   RO         5430    i.pvPortMalloc      heap_4.o
    0x08007700   0x08007700   0x00000020   Code   RO         4478    i.pvTaskIncrementMutexHeldCount  tasks.o
    0x08007720   0x08007720   0x00000024   Code   RO         5480    i.pxPortInitialiseStack  port.o
    0x08007744   0x08007744   0x00000028   Code   RO         4020    i.uxListRemove      list.o
    0x0800776c   0x0800776c   0x00000018   Code   RO         5058    i.vApplicationGetIdleTaskMemory  cmsis_os2.o
    0x08007784   0x08007784   0x00000018   Code   RO         5059    i.vApplicationGetTimerTaskMemory  cmsis_os2.o
    0x0800779c   0x0800779c   0x0000001a   Code   RO         4021    i.vListInitialise   list.o
    0x080077b6   0x080077b6   0x00000006   Code   RO         4022    i.vListInitialiseItem  list.o
    0x080077bc   0x080077bc   0x00000034   Code   RO         4023    i.vListInsert       list.o
    0x080077f0   0x080077f0   0x00000018   Code   RO         4024    i.vListInsertEnd    list.o
    0x08007808   0x08007808   0x00000054   Code   RO         5482    i.vPortEnterCritical  port.o
    0x0800785c   0x0800785c   0x0000003c   Code   RO         5483    i.vPortExitCritical  port.o
    0x08007898   0x08007898   0x00000094   Code   RO         5431    i.vPortFree         heap_4.o
    0x0800792c   0x0800792c   0x00000028   Code   RO         5484    i.vPortSetupTimerInterrupt  port.o
    0x08007954   0x08007954   0x00000078   Code   RO         5485    i.vPortValidateInterruptPriority  port.o
    0x080079cc   0x080079cc   0x0000002c   Code   RO         4073    i.vQueueAddToRegistry  queue.o
    0x080079f8   0x080079f8   0x00000032   Code   RO         4074    i.vQueueDelete      queue.o
    0x08007a2a   0x08007a2a   0x00000002   PAD
    0x08007a2c   0x08007a2c   0x00000030   Code   RO         4076    i.vQueueUnregisterQueue  queue.o
    0x08007a5c   0x08007a5c   0x0000004a   Code   RO         4077    i.vQueueWaitForMessageRestricted  queue.o
    0x08007aa6   0x08007aa6   0x00000002   PAD
    0x08007aa8   0x08007aa8   0x0000005c   Code   RO         4487    i.vTaskDelay        tasks.o
    0x08007b04   0x08007b04   0x00000018   Code   RO         4492    i.vTaskInternalSetTimeOutState  tasks.o
    0x08007b1c   0x08007b1c   0x0000000c   Code   RO         4493    i.vTaskMissedYield  tasks.o
    0x08007b28   0x08007b28   0x00000038   Code   RO         4495    i.vTaskPlaceOnEventList  tasks.o
    0x08007b60   0x08007b60   0x00000040   Code   RO         4496    i.vTaskPlaceOnEventListRestricted  tasks.o
    0x08007ba0   0x08007ba0   0x000000d0   Code   RO         4498    i.vTaskPriorityDisinheritAfterTimeout  tasks.o
    0x08007c70   0x08007c70   0x00000090   Code   RO         4501    i.vTaskResume       tasks.o
    0x08007d00   0x08007d00   0x000000b8   Code   RO         4504    i.vTaskStartScheduler  tasks.o
    0x08007db8   0x08007db8   0x000000c8   Code   RO         4505    i.vTaskSuspend      tasks.o
    0x08007e80   0x08007e80   0x00000010   Code   RO         4506    i.vTaskSuspendAll   tasks.o
    0x08007e90   0x08007e90   0x00000090   Code   RO         4507    i.vTaskSwitchContext  tasks.o
    0x08007f20   0x08007f20   0x000000f8   Code   RO         5486    i.xPortStartScheduler  port.o
    0x08008018   0x08008018   0x0000005c   Code   RO         4078    i.xQueueCreateCountingSemaphore  queue.o
    0x08008074   0x08008074   0x00000064   Code   RO         4079    i.xQueueCreateCountingSemaphoreStatic  queue.o
    0x080080d8   0x080080d8   0x0000005e   Code   RO         4082    i.xQueueGenericCreate  queue.o
    0x08008136   0x08008136   0x000000de   Code   RO         4083    i.xQueueGenericCreateStatic  queue.o
    0x08008214   0x08008214   0x00000098   Code   RO         4084    i.xQueueGenericReset  queue.o
    0x080082ac   0x080082ac   0x000001a8   Code   RO         4085    i.xQueueGenericSend  queue.o
    0x08008454   0x08008454   0x000000f8   Code   RO         4086    i.xQueueGenericSendFromISR  queue.o
    0x0800854c   0x0800854c   0x000000e0   Code   RO         4089    i.xQueueGiveFromISR  queue.o
    0x0800862c   0x0800862c   0x00000168   Code   RO         4095    i.xQueueReceive     queue.o
    0x08008794   0x08008794   0x000000ca   Code   RO         4096    i.xQueueReceiveFromISR  queue.o
    0x0800885e   0x0800885e   0x00000002   PAD
    0x08008860   0x08008860   0x000001b8   Code   RO         4097    i.xQueueSemaphoreTake  queue.o
    0x08008a18   0x08008a18   0x0000008c   Code   RO         4508    i.xTaskCheckForTimeOut  tasks.o
    0x08008aa4   0x08008aa4   0x00000064   Code   RO         4509    i.xTaskCreate       tasks.o
    0x08008b08   0x08008b08   0x000000b8   Code   RO         4510    i.xTaskCreateStatic  tasks.o
    0x08008bc0   0x08008bc0   0x00000020   Code   RO         4514    i.xTaskGetSchedulerState  tasks.o
    0x08008be0   0x08008be0   0x0000000c   Code   RO         4515    i.xTaskGetTickCount  tasks.o
    0x08008bec   0x08008bec   0x00000144   Code   RO         4517    i.xTaskIncrementTick  tasks.o
    0x08008d30   0x08008d30   0x000000a4   Code   RO         4520    i.xTaskPriorityDisinherit  tasks.o
    0x08008dd4   0x08008dd4   0x000000a4   Code   RO         4521    i.xTaskPriorityInherit  tasks.o
    0x08008e78   0x08008e78   0x00000098   Code   RO         4522    i.xTaskRemoveFromEventList  tasks.o
    0x08008f10   0x08008f10   0x00000104   Code   RO         4523    i.xTaskResumeAll    tasks.o
    0x08009014   0x08009014   0x00000078   Code   RO         4844    i.xTimerCreateTimerTask  timers.o
    0x0800908c   0x0800908c   0x00000084   Code   RO         4845    i.xTimerGenericCommand  timers.o
    0x08009110   0x08009110   0x0000002c   Code   RO         5723    locale$$code        c_w.l(lc_numeric_c.o)
    0x0800913c   0x0800913c   0x00000062   Code   RO         5610    x$fpl$d2f           fz_ws.l(d2f.o)
    0x0800919e   0x0800919e   0x00000002   PAD
    0x080091a0   0x080091a0   0x00000150   Code   RO         5612    x$fpl$dadd          fz_ws.l(daddsub_clz.o)
    0x080092f0   0x080092f0   0x000002b0   Code   RO         5619    x$fpl$ddiv          fz_ws.l(ddiv.o)
    0x080095a0   0x080095a0   0x0000002e   Code   RO         5623    x$fpl$dflt          fz_ws.l(dflt_clz.o)
    0x080095ce   0x080095ce   0x00000026   Code   RO         5622    x$fpl$dfltu         fz_ws.l(dflt_clz.o)
    0x080095f4   0x080095f4   0x0000009c   Code   RO         5660    x$fpl$dnaninf       fz_ws.l(dnaninf.o)
    0x08009690   0x08009690   0x0000000c   Code   RO         5662    x$fpl$dretinf       fz_ws.l(dretinf.o)
    0x0800969c   0x0800969c   0x000001d4   Code   RO         5614    x$fpl$dsub          fz_ws.l(daddsub_clz.o)
    0x08009870   0x08009870   0x00000056   Code   RO         5628    x$fpl$f2d           fz_ws.l(f2d.o)
    0x080098c6   0x080098c6   0x00000018   Code   RO         5664    x$fpl$fcmpinf       fz_ws.l(fcmpi.o)
    0x080098de   0x080098de   0x00000002   PAD
    0x080098e0   0x080098e0   0x0000003e   Code   RO         5630    x$fpl$ffixu         fz_ws.l(ffixu.o)
    0x0800991e   0x0800991e   0x00000002   PAD
    0x08009920   0x08009920   0x00000026   Code   RO         5634    x$fpl$ffltu         fz_ws.l(fflt_clz.o)
    0x08009946   0x08009946   0x00000002   PAD
    0x08009948   0x08009948   0x00000068   Code   RO         5640    x$fpl$fleqf         fz_ws.l(fleqf.o)
    0x080099b0   0x080099b0   0x0000008c   Code   RO         5666    x$fpl$fnaninf       fz_ws.l(fnaninf.o)
    0x08009a3c   0x08009a3c   0x0000000a   Code   RO         5668    x$fpl$fretinf       fz_ws.l(fretinf.o)
    0x08009a46   0x08009a46   0x00000004   Code   RO         5642    x$fpl$printf1       fz_ws.l(printf1.o)
    0x08009a4a   0x08009a4a   0x00000000   Code   RO         5670    x$fpl$usenofp       fz_ws.l(usenofp.o)
    0x08009a4a   0x08009a4a   0x00000002   PAD
    0x08009a4c   0x08009a4c   0x00000178   Data   RO          238    .constdata          main.o
    0x08009bc4   0x08009bc4   0x00000018   Data   RO         3857    .constdata          system_stm32f1xx.o
    0x08009bdc   0x08009bdc   0x00000094   Data   RO         5698    .constdata          c_w.l(bigflt0.o)
    0x08009c70   0x08009c70   0x000000ba   Data   RO          239    .conststring        main.o
    0x08009d2a   0x08009d2a   0x00000002   PAD
    0x08009d2c   0x08009d2c   0x00000020   Data   RO         5868    Region$$Table       anon$$obj.o
    0x08009d4c   0x08009d4c   0x0000001c   Data   RO         5722    locale$$data        c_w.l(lc_numeric_c.o)


    Execution Region RW_IRAM1 (Exec base: 0x20000000, Load base: 0x08009d68, Size: 0x00004260, Max: 0x00005000, ABSOLUTE)

    Exec Addr    Load Addr    Size         Type   Attr      Idx    E Section Name        Object

    0x20000000   0x08009d68   0x00000054   Data   RW          240    .data               main.o
    0x20000054   0x08009dbc   0x00000009   Data   RW         1051    .data               stm32f1xx_hal.o
    0x2000005d   0x08009dc5   0x00000003   PAD
    0x20000060   0x08009dc8   0x00000004   Data   RW         3858    .data               system_stm32f1xx.o
    0x20000064   0x08009dcc   0x0000003c   Data   RW         4526    .data               tasks.o
    0x200000a0   0x08009e08   0x00000014   Data   RW         4853    .data               timers.o
    0x200000b4   0x08009e1c   0x00000004   Data   RW         5061    .data               cmsis_os2.o
    0x200000b8   0x08009e20   0x00000018   Data   RW         5436    .data               heap_4.o
    0x200000d0   0x08009e38   0x0000000c   Data   RW         5487    .data               port.o
    0x200000dc        -       0x000001e4   Zero   RW          237    .bss                main.o
    0x200002c0        -       0x00000048   Zero   RW          623    .bss                stm32f1xx_hal_timebase_tim.o
    0x20000308        -       0x00000040   Zero   RW         4099    .bss                queue.o
    0x20000348        -       0x000004c4   Zero   RW         4525    .bss                tasks.o
    0x2000080c        -       0x00000118   Zero   RW         4852    .bss                timers.o
    0x20000924        -       0x000006b8   Zero   RW         5060    .bss                cmsis_os2.o
    0x20000fdc        -       0x00002c24   Zero   RW         5435    .bss                heap_4.o
    0x20003c00        -       0x00000060   Zero   RW         5730    .bss                c_w.l(libspace.o)
    0x20003c60        -       0x00000200   Zero   RW            2    HEAP                startup_stm32f103xb.o
    0x20003e60        -       0x00000400   Zero   RW            1    STACK               startup_stm32f103xb.o


==============================================================================

Image component sizes


      Code (inc. data)   RO Data    RW Data    ZI Data      Debug   Object Name

      1270         76          0          4       1720      22356   cmsis_os2.o
        66          0          0          0          0     455400   delay_timer.o
       852         10          0          0          0       7185   dht.o
         0          0          0          0          0      20064   event_groups.o
         0          0          0          0          0       2624   freertos.o
       692         62          0         24      11300       4543   heap_4.o
       312          8          0          0          0       2638   i2c-lcd.o
       148          0          0          0          0       3294   list.o
      2890        792        562         84        484      22944   main.o
       854         78          0         12          0      10653   port.o
      3184         30          0          0         64      25556   queue.o
        64         26        236          0       1536        792   startup_stm32f103xb.o
       116         24          0          9          0       5102   stm32f1xx_hal.o
      1966         62          0          0          0       8670   stm32f1xx_hal_adc.o
       282          4          0          0          0       1963   stm32f1xx_hal_adc_ex.o
       252         22          0          0          0      28546   stm32f1xx_hal_cortex.o
       270          4          0          0          0       2242   stm32f1xx_hal_dma.o
       856         38          0          0          0       3814   stm32f1xx_hal_gpio.o
      5888         66          0          0          0      28755   stm32f1xx_hal_i2c.o
       564         50          0          0          0       3408   stm32f1xx_hal_msp.o
      1852        120          0          0          0       6437   stm32f1xx_hal_rcc.o
       584         46          0          0          0       2341   stm32f1xx_hal_rcc_ex.o
      1292         40          0          0          0      10112   stm32f1xx_hal_tim.o
       136         14          0          0          0       2309   stm32f1xx_hal_tim_ex.o
       160         22          0          0         72       1367   stm32f1xx_hal_timebase_tim.o
      1844         10          0          0          0      10916   stm32f1xx_hal_uart.o
       128         36          0          0          0       5585   stm32f1xx_it.o
         0          0          0          0          0       8872   stream_buffer.o
         2          0         24          4          0       1059   system_stm32f1xx.o
      3632        430          0         60       1220      27896   tasks.o
      1238        124          0         20        280      26259   timers.o

    ----------------------------------------------------------------------
     31442       2194        856        220      16676     763702   Object Totals
         0          0         32          0          0          0   (incl. Generated)
        48          0          2          3          0          0   (incl. Padding)

    ----------------------------------------------------------------------

      Code (inc. data)   RO Data    RW Data    ZI Data      Debug   Library Member Name

        44          6          0          0          0         84   __2sprintf.o
         8          0          0          0          0         68   __main.o
       352          0          0          0          0         88   __printf_ss_wp.o
        14          0          0          0          0         68   __printf_wp.o
         0          0          0          0          0          0   __rtentry.o
        12          0          0          0          0          0   __rtentry2.o
         6          0          0          0          0          0   __rtentry4.o
        52          8          0          0          0          0   __scatter.o
        26          0          0          0          0          0   __scatter_copy.o
        28          0          0          0          0          0   __scatter_zi.o
        44          0          0          0          0        108   _printf_char.o
        48          6          0          0          0         96   _printf_char_common.o
         6          0          0          0          0          0   _printf_d.o
       120         16          0          0          0         92   _printf_dec.o
         6          0          0          0          0          0   _printf_f.o
      1054          0          0          0          0        216   _printf_fp_dec.o
       128         16          0          0          0         84   _printf_fp_infnan.o
       178          0          0          0          0         88   _printf_intcommon.o
        78          0          0          0          0        108   _printf_pad.o
         0          0          0          0          0          0   _printf_percent.o
         4          0          0          0          0          0   _printf_percent_end.o
         6          0          0          0          0          0   _printf_s.o
        82          0          0          0          0         80   _printf_str.o
        10          0          0          0          0         68   _sputc.o
        16          0          0          0          0         68   aeabi_memset.o
       228          4        148          0          0         96   bigflt0.o
      1936        128          0          0          0        672   btod.o
        18          0          0          0          0         80   exit.o
         6          0          0          0          0        152   heapauxi.o
         0          0          0          0          0          0   indicate_semi.o
        44         10         28          0          0         76   lc_numeric_c.o
         2          0          0          0          0          0   libinit.o
        18          0          0          0          0          0   libinit2.o
         2          0          0          0          0          0   libshutdown.o
         2          0          0          0          0          0   libshutdown2.o
         8          4          0          0         96         68   libspace.o
       138          0          0          0          0         80   lludiv10.o
         8          4          0          0          0         68   rt_locale_intlibspace.o
        68          0          0          0          0         68   rt_memclr.o
        78          0          0          0          0         80   rt_memclr_w.o
       138          0          0          0          0         68   rt_memcpy_v6.o
       100          0          0          0          0         80   rt_memcpy_w.o
         2          0          0          0          0          0   rtexit.o
        10          0          0          0          0          0   rtexit2.o
       128          0          0          0          0         68   strcmpv7m.o
        72          0          0          0          0         80   strcpy.o
        36          0          0          0          0         80   strstr.o
        12          4          0          0          0         68   sys_exit.o
        74          0          0          0          0         80   sys_stackheap_outer.o
         2          0          0          0          0         68   use_no_semi.o
        98          4          0          0          0         92   d2f.o
       804         16          0          0          0        272   daddsub_clz.o
       688        140          0          0          0        208   ddiv.o
        84          0          0          0          0        136   dflt_clz.o
       156          4          0          0          0         92   dnaninf.o
        12          0          0          0          0         68   dretinf.o
        86          4          0          0          0         84   f2d.o
        24          0          0          0          0         68   fcmpi.o
        62          4          0          0          0         84   ffixu.o
        38          0          0          0          0         68   fflt_clz.o
       104          4          0          0          0         84   fleqf.o
       140          4          0          0          0         84   fnaninf.o
        10          0          0          0          0         68   fretinf.o
         4          0          0          0          0         68   printf1.o
         0          0          0          0          0          0   usenofp.o
        40          0          0          0          0         68   fpclassify.o

    ----------------------------------------------------------------------
      7822        386        176          0         96       4892   Library Totals
        20          0          0          0          0          0   (incl. Padding)

    ----------------------------------------------------------------------

      Code (inc. data)   RO Data    RW Data    ZI Data      Debug   Library Name

      5452        206        176          0         96       3348   c_w.l
      2310        180          0          0          0       1476   fz_ws.l
        40          0          0          0          0         68   m_ws.l

    ----------------------------------------------------------------------
      7822        386        176          0         96       4892   Library Totals

    ----------------------------------------------------------------------

==============================================================================


      Code (inc. data)   RO Data    RW Data    ZI Data      Debug   

     39264       2580       1032        220      16772     752158   Grand Totals
     39264       2580       1032        220      16772     752158   ELF Image Totals
     39264       2580       1032        220          0          0   ROM Totals

==============================================================================

    Total RO  Size (Code + RO Data)                40296 (  39.35kB)
    Total RW  Size (RW Data + ZI Data)             16992 (  16.59kB)
    Total ROM Size (Code + RO Data + RW Data)      40516 (  39.57kB)

==============================================================================

